<html>
<body>
<pre>
<h1>µVision Build Log</h1>
<h2>Tool Versions:</h2>
IDE-Version: ¦ÌVision V5.28.0.0
Copyright (C) 2019 ARM Ltd and ARM Germany GmbH. All rights reserved.
License Information: 111 111, 111, LIC=GE7DL-0JAIL-4AVDE-52RDX-8EHB6-E3HQ6
 
Tool Versions:
Toolchain:       MDK-ARM Professional  Version: 5.28.0.0
Toolchain Path:  C:\Keil_v5\ARM\ARMCC\Bin
C Compiler:      Armcc.exe V5.06 update 6 (build 750)
Assembler:       Armasm.exe V5.06 update 6 (build 750)
Linker/Locator:  ArmLink.exe V5.06 update 6 (build 750)
Library Manager: ArmAr.exe V5.06 update 6 (build 750)
Hex Converter:   FromElf.exe V5.06 update 6 (build 750)
CPU DLL:         SARMCM3.DLL V5.28.0.0
Dialog DLL:      DCM.DLL V1.17.3.0
Target DLL:      STLink\ST-LINKIII-KEIL_SWO.dll V3.0.6.0
Dialog DLL:      TCM.DLL V1.36.2.0
 
<h2>Project:</h2>
D:\Users\HP\Desktop\STM32\stm32f103\robot\1_stm32f103rct6_»·¾³´î½¨\stm32f103rct6.uvprojx
Project File Date:  09/21/2025

<h2>Output:</h2>
*** Using Compiler 'V5.06 update 6 (build 750)', folder: 'C:\Keil_v5\ARM\ARMCC\Bin'
Build target 'Target 1'
assembling startup_stm32f10x_hd.s...
compiling core_cm3.c...
compiling led.c...
.\user\inc\led.h(14): warning:  #1-D: last line of file ends without a newline
  #endif
user\src\led.c(25): warning:  #1-D: last line of file ends without a newline
  }
user\src\led.c: 2 warnings, 0 errors
compiling main.c...
.\user\inc\led.h(14): warning:  #1-D: last line of file ends without a newline
  #endif
.\user\inc\pwm.h(13): warning:  #1-D: last line of file ends without a newline
  #endif
.\user\inc\delay.h(12): warning:  #1-D: last line of file ends without a newline
  #endif
.\user\inc\main.h(12): warning:  #1-D: last line of file ends without a newline
  #endif
user\src\main.c(36): warning:  #68-D: integer conversion resulted in a change of sign
              direction = -1;
user\src\main.c(41): warning:  #111-D: statement is unreachable
  return 0;
user\src\main.c: 6 warnings, 0 errors
compiling pwm.c...
.\user\inc\pwm.h(13): warning:  #1-D: last line of file ends without a newline
  #endif
user\src\pwm.c(60): warning:  #1-D: last line of file ends without a newline
  }
user\src\pwm.c: 2 warnings, 0 errors
compiling misc.c...
compiling delay.c...
.\user\inc\delay.h(12): warning:  #1-D: last line of file ends without a newline
  #endif
user\src\delay.c(25): warning:  #1-D: last line of file ends without a newline
  }
user\src\delay.c: 2 warnings, 0 errors
compiling stm32f10x_bkp.c...
compiling system_stm32f10x.c...
compiling stm32f10x_cec.c...
compiling stm32f10x_adc.c...
compiling stm32f10x_can.c...
compiling stm32f10x_crc.c...
compiling stm32f10x_dac.c...
compiling stm32f10x_dbgmcu.c...
compiling stm32f10x_dma.c...
compiling stm32f10x_exti.c...
compiling stm32f10x_fsmc.c...
compiling stm32f10x_iwdg.c...
compiling stm32f10x_i2c.c...
compiling stm32f10x_pwr.c...
compiling stm32f10x_gpio.c...
compiling stm32f10x_flash.c...
compiling stm32f10x_rcc.c...
compiling stm32f10x_rtc.c...
compiling stm32f10x_sdio.c...
compiling stm32f10x_spi.c...
compiling stm32f10x_wwdg.c...
compiling stm32f10x_usart.c...
compiling stm32f10x_tim.c...
linking...
Program Size: Code=1616 RO-data=320 RW-data=0 ZI-data=1024  
".\Objects\stm32f103rct6.axf" - 0 Error(s), 12 Warning(s).

<h2>Software Packages used:</h2>

Package Vendor: Keil
                https://www.keil.com/pack/Keil.STM32F1xx_DFP.2.4.1.pack
                Keil.STM32F1xx_DFP.2.4.1
                STMicroelectronics STM32F1 Series Device Support, Drivers and Examples

<h2>Collection of Component include folders:</h2>
  .\RTE\_Target_1
  C:\Users\HP\AppData\Local\Arm\Packs\Keil\STM32F1xx_DFP\2.4.1\Device\Include

<h2>Collection of Component Files used:</h2>
Build Time Elapsed:  00:00:03
</pre>
</body>
</html>
