<html>
<body>
<pre>
<h1>礦ision Build Log</h1>
<h2>Tool Versions:</h2>
IDE-Version: μVision V5.28.0.0
Copyright (C) 2019 ARM Ltd and ARM Germany GmbH. All rights reserved.
License Information: 111 111, 111, LIC=GE7DL-0JAIL-4AVDE-52RDX-8EHB6-E3HQ6
 
Tool Versions:
Toolchain:       MDK-ARM Professional  Version: 5.28.0.0
Toolchain Path:  C:\Keil_v5\ARM\ARMCC\Bin
C Compiler:      Armcc.exe V5.06 update 6 (build 750)
Assembler:       Armasm.exe V5.06 update 6 (build 750)
Linker/Locator:  ArmLink.exe V5.06 update 6 (build 750)
Library Manager: ArmAr.exe V5.06 update 6 (build 750)
Hex Converter:   FromElf.exe V5.06 update 6 (build 750)
CPU DLL:         SARMCM3.DLL V5.28.0.0
Dialog DLL:      DCM.DLL V1.17.3.0
Target DLL:      Segger\JL2CM3.dll V2.99.36.0
Dialog DLL:      TCM.DLL V1.36.2.0
 
<h2>Project:</h2>
D:\Users\HP\Desktop\STM32\stm32f407vet6_code\倒车系统\Template.uvprojx
Project File Date:  10/07/2025

<h2>Output:</h2>
*** Using Compiler 'V5.06 update 6 (build 750)', folder: 'C:\Keil_v5\ARM\ARMCC\Bin'
Build target 'Target 1'
compiling tim.c...
Mycode\delay.h(12): warning:  #1-D: last line of file ends without a newline
  #endif
Mycode\sr04.h(10): warning:  #1-D: last line of file ends without a newline
  #endif
Mycode\tim.c(48): warning:  #177-D: variable "NVIC_InitStructure"  was declared but never referenced
  	NVIC_InitTypeDef         NVIC_InitStructure;
Mycode\tim.c(80): warning:  #223-D: function "printf" declared implicitly
              printf("自动测量距离:%dcm\r\n", auto_re);
Mycode\tim.c(82): warning:  #223-D: function "printf" declared implicitly
              printf("自动测量错误:%d\r\n", auto_re);
Mycode\tim.c: 5 warnings, 0 errors
compiling main.c...
Mycode\Beep.h(19): warning:  #1-D: last line of file ends without a newline
  #endif
Mycode\key.h(10): warning:  #1-D: last line of file ends without a newline
  #endif
Mycode\delay.h(12): warning:  #1-D: last line of file ends without a newline
  #endif
Mycode\exti.h(9): warning:  #1-D: last line of file ends without a newline
  #endif
Mycode\led_pro.h(14): warning:  #1-D: last line of file ends without a newline
  #endif
Mycode\pwm.h(11): warning:  #1-D: last line of file ends without a newline
  #endif
Mycode\usart.h(12): warning:  #1-D: last line of file ends without a newline
  #endif
Mycode\sr04.h(10): warning:  #1-D: last line of file ends without a newline
  #endif
Mycode\main.c(67): warning:  #223-D: function "printf" declared implicitly
  	printf("welcome !\r\n");
Mycode\main.c(149): warning:  #111-D: statement is unreachable
   return 0;
Mycode\main.c: 10 warnings, 0 errors
compiling pwm.c...
Mycode\pwm.h(11): warning:  #1-D: last line of file ends without a newline
  #endif
Mycode\pwm.c(65): warning:  #1-D: last line of file ends without a newline
  }	
Mycode\pwm.c: 2 warnings, 0 errors
compiling led_pro.c...
Mycode\led_pro.h(14): warning:  #1-D: last line of file ends without a newline
  #endif
Mycode\led_pro.c: 1 warning, 0 errors
linking...
Program Size: Code=6132 RO-data=424 RW-data=44 ZI-data=2660  
FromELF: creating hex file...
".\Objects\Template.axf" - 0 Error(s), 18 Warning(s).

<h2>Software Packages used:</h2>

Package Vendor: ARM
                http://www.keil.com/pack/ARM.CMSIS.5.5.1.pack
                ARM.CMSIS.5.5.1
                CMSIS (Cortex Microcontroller Software Interface Standard)
   * Component: CORE Version: 5.2.0

Package Vendor: Keil
                http://www.keil.com/pack/Keil.STM32F4xx_DFP.1.0.8.pack
                Keil.STM32F4xx_DFP.1.0.8
                STMicroelectronics STM32F4 Series Device Support, Drivers and Examples
   * Component: Startup Version: 1.3.1
   * Component: EXTI Version: 1.3.0
   * Component: Framework Version: 1.3.1
   * Component: GPIO Version: 1.3.0
   * Component: RCC Version: 1.3.0
   * Component: SYSCFG Version: 1.3.0
   * Component: TIM Version: 1.3.0
   * Component: USART Version: 1.3.0

<h2>Collection of Component include folders:</h2>
  .\RTE\Device\STM32F407ZE
  .\RTE\_Target_1
  C:\Users\HP\AppData\Local\Arm\Packs\ARM\CMSIS\5.5.1\CMSIS\Core\Include
  C:\Users\HP\AppData\Local\Arm\Packs\Keil\STM32F4xx_DFP\1.0.8\Device\Include
  C:\Users\HP\AppData\Local\Arm\Packs\Keil\STM32F4xx_DFP\1.0.8\Device\StdPeriph_Driver\inc

<h2>Collection of Component Files used:</h2>

   * Component: ARM::CMSIS:CORE:5.2.0

   * Component: Keil::Device:Startup:1.3.1
      Source file:   Device\Source\ARM\STM32F4xx_OTP.s
      Include file:  Device\Include\stm32f4xx.h
      Source file:   Device\Source\system_stm32f4xx.c
      Source file:   Device\Source\ARM\STM32F40xxx_41xxx_OPT.s
      Source file:   Device\Source\ARM\startup_stm32f40_41xxx.s
      Include file:  RTE_Driver\Config\RTE_Device.h

   * Component: Keil::Device:StdPeriph Drivers:EXTI:1.3.0
      Source file:   Device\StdPeriph_Driver\src\stm32f4xx_exti.c
      Include file:  Device\StdPeriph_Driver\inc\stm32f4xx_exti.h

   * Component: Keil::Device:StdPeriph Drivers:Framework:1.3.1
      Source file:   Device\StdPeriph_Driver\templates\stm32f4xx_conf.h
      Include file:  Device\StdPeriph_Driver\templates\stm32f4xx_it.h
      Source file:   Device\StdPeriph_Driver\templates\stm32f4xx_it.c
      Source file:   Device\StdPeriph_Driver\src\misc.c

   * Component: Keil::Device:StdPeriph Drivers:GPIO:1.3.0
      Include file:  Device\StdPeriph_Driver\inc\stm32f4xx_gpio.h
      Source file:   Device\StdPeriph_Driver\src\stm32f4xx_gpio.c

   * Component: Keil::Device:StdPeriph Drivers:RCC:1.3.0
      Include file:  Device\StdPeriph_Driver\inc\stm32f4xx_rcc.h
      Source file:   Device\StdPeriph_Driver\src\stm32f4xx_rcc.c

   * Component: Keil::Device:StdPeriph Drivers:SYSCFG:1.3.0
      Source file:   Device\StdPeriph_Driver\src\stm32f4xx_syscfg.c
      Include file:  Device\StdPeriph_Driver\inc\stm32f4xx_syscfg.h

   * Component: Keil::Device:StdPeriph Drivers:TIM:1.3.0
      Source file:   Device\StdPeriph_Driver\src\stm32f4xx_tim.c
      Include file:  Device\StdPeriph_Driver\inc\stm32f4xx_tim.h

   * Component: Keil::Device:StdPeriph Drivers:USART:1.3.0
      Source file:   Device\StdPeriph_Driver\src\stm32f4xx_usart.c
      Include file:  Device\StdPeriph_Driver\inc\stm32f4xx_usart.h
Build Time Elapsed:  00:00:01
</pre>
</body>
</html>
