Component: ARM Compiler 5.06 update 6 (build 750) Tool: armlink [4d35ed]

==============================================================================

Section Cross References

    main.o(i.main) refers to _printf_percent.o(.ARM.Collect$$_printf_percent$$00000000) for _printf_percent
    main.o(i.main) refers to _printf_d.o(.ARM.Collect$$_printf_percent$$00000009) for _printf_d
    main.o(i.main) refers to _printf_dec.o(.text) for _printf_int_dec
    main.o(i.main) refers to misc.o(i.NVIC_PriorityGroupConfig) for NVIC_PriorityGroupConfig
    main.o(i.main) refers to delay.o(i.Delay_Init) for Delay_Init
    main.o(i.main) refers to led_pro.o(i.Led_Init) for Led_Init
    main.o(i.main) refers to pwm.o(i.Pwm_PA8_Init) for Pwm_PA8_Init
    main.o(i.main) refers to sr04.o(i.Sr04_Init) for Sr04_Init
    main.o(i.main) refers to exti.o(i.Exti_PE_Init) for Exti_PE_Init
    main.o(i.main) refers to usart.o(i.BlueTeeth_Usart_Init) for BlueTeeth_Usart_Init
    main.o(i.main) refers to tim.o(i.Tim2_IT_Init) for Tim2_IT_Init
    main.o(i.main) refers to noretval__2printf.o(.text) for __2printf
    main.o(i.main) refers to sr04.o(i.Get_Sr04_Value) for Get_Sr04_Value
    main.o(i.main) refers to stm32f4xx_tim.o(i.TIM_Cmd) for TIM_Cmd
    main.o(i.main) refers to dflt_clz.o(x$fpl$dfltu) for __aeabi_ui2d
    main.o(i.main) refers to dmul.o(x$fpl$dmul) for __aeabi_dmul
    main.o(i.main) refers to dflt_clz.o(x$fpl$dflt) for __aeabi_i2d
    main.o(i.main) refers to dleqf.o(x$fpl$dleqf) for __aeabi_cdcmple
    main.o(i.main) refers to stm32f4xx_tim.o(i.TIM_SetCompare1) for TIM_SetCompare1
    main.o(i.main) refers to drleqf.o(x$fpl$drleqf) for __aeabi_cdrcmple
    main.o(i.main) refers to delay.o(i.delay_ms) for delay_ms
    main.o(i.main) refers to usart.o(.data) for flag
    main.o(i.main) refers to main.o(.data) for SafeDistance
    beep.o(i.BEEP_Init) refers to stm32f4xx_rcc.o(i.RCC_AHB1PeriphClockCmd) for RCC_AHB1PeriphClockCmd
    beep.o(i.BEEP_Init) refers to stm32f4xx_gpio.o(i.GPIO_Init) for GPIO_Init
    key.o(i.Key_Init) refers to stm32f4xx_rcc.o(i.RCC_AHB1PeriphClockCmd) for RCC_AHB1PeriphClockCmd
    key.o(i.Key_Init) refers to stm32f4xx_gpio.o(i.GPIO_Init) for GPIO_Init
    exti.o(i.EXTI3_IRQHandler) refers to _printf_percent.o(.ARM.Collect$$_printf_percent$$00000000) for _printf_percent
    exti.o(i.EXTI3_IRQHandler) refers to _printf_d.o(.ARM.Collect$$_printf_percent$$00000009) for _printf_d
    exti.o(i.EXTI3_IRQHandler) refers to _printf_dec.o(.text) for _printf_int_dec
    exti.o(i.EXTI3_IRQHandler) refers to stm32f4xx_exti.o(i.EXTI_GetITStatus) for EXTI_GetITStatus
    exti.o(i.EXTI3_IRQHandler) refers to delay.o(i.delay_ms) for delay_ms
    exti.o(i.EXTI3_IRQHandler) refers to stm32f4xx_gpio.o(i.GPIO_ReadInputDataBit) for GPIO_ReadInputDataBit
    exti.o(i.EXTI3_IRQHandler) refers to noretval__2printf.o(.text) for __2printf
    exti.o(i.EXTI3_IRQHandler) refers to stm32f4xx_exti.o(i.EXTI_ClearITPendingBit) for EXTI_ClearITPendingBit
    exti.o(i.EXTI3_IRQHandler) refers to main.o(.data) for SafeDistance
    exti.o(i.EXTI4_IRQHandler) refers to _printf_percent.o(.ARM.Collect$$_printf_percent$$00000000) for _printf_percent
    exti.o(i.EXTI4_IRQHandler) refers to _printf_d.o(.ARM.Collect$$_printf_percent$$00000009) for _printf_d
    exti.o(i.EXTI4_IRQHandler) refers to _printf_dec.o(.text) for _printf_int_dec
    exti.o(i.EXTI4_IRQHandler) refers to stm32f4xx_exti.o(i.EXTI_GetITStatus) for EXTI_GetITStatus
    exti.o(i.EXTI4_IRQHandler) refers to delay.o(i.delay_ms) for delay_ms
    exti.o(i.EXTI4_IRQHandler) refers to stm32f4xx_gpio.o(i.GPIO_ReadInputDataBit) for GPIO_ReadInputDataBit
    exti.o(i.EXTI4_IRQHandler) refers to noretval__2printf.o(.text) for __2printf
    exti.o(i.EXTI4_IRQHandler) refers to stm32f4xx_exti.o(i.EXTI_ClearITPendingBit) for EXTI_ClearITPendingBit
    exti.o(i.EXTI4_IRQHandler) refers to main.o(.data) for SafeDistance
    exti.o(i.Exti_PE_Init) refers to stm32f4xx_rcc.o(i.RCC_AHB1PeriphClockCmd) for RCC_AHB1PeriphClockCmd
    exti.o(i.Exti_PE_Init) refers to stm32f4xx_rcc.o(i.RCC_APB2PeriphClockCmd) for RCC_APB2PeriphClockCmd
    exti.o(i.Exti_PE_Init) refers to stm32f4xx_gpio.o(i.GPIO_Init) for GPIO_Init
    exti.o(i.Exti_PE_Init) refers to stm32f4xx_syscfg.o(i.SYSCFG_EXTILineConfig) for SYSCFG_EXTILineConfig
    exti.o(i.Exti_PE_Init) refers to stm32f4xx_exti.o(i.EXTI_Init) for EXTI_Init
    exti.o(i.Exti_PE_Init) refers to misc.o(i.NVIC_Init) for NVIC_Init
    led_pro.o(i.Led_Init) refers to stm32f4xx_rcc.o(i.RCC_AHB1PeriphClockCmd) for RCC_AHB1PeriphClockCmd
    led_pro.o(i.Led_Init) refers to stm32f4xx_gpio.o(i.GPIO_SetBits) for GPIO_SetBits
    led_pro.o(i.Led_Init) refers to stm32f4xx_gpio.o(i.GPIO_Init) for GPIO_Init
    delay.o(i.Delay_Init) refers to misc.o(i.SysTick_CLKSourceConfig) for SysTick_CLKSourceConfig
    delay.o(i.delay_ms) refers to delay.o(.data) for my_ms
    delay.o(i.delay_s) refers to delay.o(i.delay_ms) for delay_ms
[...]
    Removing tim.o(.rev16_text), (4 bytes).
    Removing tim.o(.revsh_text), (4 bytes).
    Removing tim.o(.rrx_text), (6 bytes).
    Removing tim.o(i.Tim2_Init), (54 bytes).
    Removing pwm.o(.rev16_text), (4 bytes).
    Removing pwm.o(.revsh_text), (4 bytes).
    Removing pwm.o(.rrx_text), (6 bytes).
    Removing usart.o(.rev16_text), (4 bytes).
    Removing usart.o(.revsh_text), (4 bytes).
    Removing usart.o(.rrx_text), (6 bytes).
    Removing usart.o(i.Usart1_Init), (172 bytes).
    Removing sr04.o(.rev16_text), (4 bytes).
    Removing sr04.o(.revsh_text), (4 bytes).
    Removing sr04.o(.rrx_text), (6 bytes).
    Removing misc.o(.rev16_text), (4 bytes).
    Removing misc.o(.revsh_text), (4 bytes).
    Removing misc.o(.rrx_text), (6 bytes).
    Removing misc.o(i.NVIC_SetVectorTable), (20 bytes).
    Removing misc.o(i.NVIC_SystemLPConfig), (32 bytes).
    Removing stm32f4xx_exti.o(.rev16_text), (4 bytes).
    Removing stm32f4xx_exti.o(.revsh_text), (4 bytes).
    Removing stm32f4xx_exti.o(.rrx_text), (6 bytes).
    Removing stm32f4xx_exti.o(i.EXTI_ClearFlag), (12 bytes).
    Removing stm32f4xx_exti.o(i.EXTI_DeInit), (36 bytes).
    Removing stm32f4xx_exti.o(i.EXTI_GenerateSWInterrupt), (16 bytes).
    Removing stm32f4xx_exti.o(i.EXTI_GetFlagStatus), (24 bytes).
    Removing stm32f4xx_exti.o(i.EXTI_StructInit), (16 bytes).
    Removing stm32f4xx_gpio.o(.rev16_text), (4 bytes).
    Removing stm32f4xx_gpio.o(.revsh_text), (4 bytes).
    Removing stm32f4xx_gpio.o(.rrx_text), (6 bytes).
    Removing stm32f4xx_gpio.o(i.GPIO_DeInit), (312 bytes).
    Removing stm32f4xx_gpio.o(i.GPIO_PinLockConfig), (34 bytes).
    Removing stm32f4xx_gpio.o(i.GPIO_ReadInputData), (8 bytes).
    Removing stm32f4xx_gpio.o(i.GPIO_ReadOutputData), (8 bytes).
    Removing stm32f4xx_gpio.o(i.GPIO_ReadOutputDataBit), (18 bytes).
    Removing stm32f4xx_gpio.o(i.GPIO_StructInit), (18 bytes).
    Removing stm32f4xx_gpio.o(i.GPIO_ToggleBits), (8 bytes).
    Removing stm32f4xx_gpio.o(i.GPIO_Write), (4 bytes).
    Removing stm32f4xx_gpio.o(i.GPIO_WriteBit), (10 bytes).
    Removing stm32f4xx_rcc.o(.rev16_text), (4 bytes).
    Removing stm32f4xx_rcc.o(.revsh_text), (4 bytes).
    Removing stm32f4xx_rcc.o(.rrx_text), (6 bytes).
    Removing stm32f4xx_rcc.o(i.RCC_AHB1PeriphClockLPModeCmd), (32 bytes).
    Removing stm32f4xx_rcc.o(i.RCC_AHB1PeriphResetCmd), (32 bytes).
    Removing stm32f4xx_rcc.o(i.RCC_AHB2PeriphClockCmd), (32 bytes).
    Removing stm32f4xx_rcc.o(i.RCC_AHB2PeriphClockLPModeCmd), (32 bytes).
    Removing stm32f4xx_rcc.o(i.RCC_AHB2PeriphResetCmd), (32 bytes).
    Removing stm32f4xx_rcc.o(i.RCC_AHB3PeriphClockCmd), (32 bytes).
    Removing stm32f4xx_rcc.o(i.RCC_AHB3PeriphClockLPModeCmd), (32 bytes).
    Removing stm32f4xx_rcc.o(i.RCC_AHB3PeriphResetCmd), (32 bytes).
    Removing stm32f4xx_rcc.o(i.RCC_APB1PeriphClockLPModeCmd), (32 bytes).
    Removing stm32f4xx_rcc.o(i.RCC_APB1PeriphResetCmd), (32 bytes).
    Removing stm32f4xx_rcc.o(i.RCC_APB2PeriphClockLPModeCmd), (32 bytes).
    Removing stm32f4xx_rcc.o(i.RCC_APB2PeriphResetCmd), (32 bytes).
    Removing stm32f4xx_rcc.o(i.RCC_AdjustHSICalibrationValue), (24 bytes).
    Removing stm32f4xx_rcc.o(i.RCC_BackupResetCmd), (12 bytes).
    Removing stm32f4xx_rcc.o(i.RCC_ClearFlag), (20 bytes).
    Removing stm32f4xx_rcc.o(i.RCC_ClearITPendingBit), (12 bytes).
    Removing stm32f4xx_rcc.o(i.RCC_ClockSecuritySystemCmd), (12 bytes).
    Removing stm32f4xx_rcc.o(i.RCC_DeInit), (100 bytes).
    Removing stm32f4xx_rcc.o(i.RCC_GetFlagStatus), (64 bytes).
    Removing stm32f4xx_rcc.o(i.RCC_GetITStatus), (24 bytes).
    Removing stm32f4xx_rcc.o(i.RCC_GetSYSCLKSource), (16 bytes).
    Removing stm32f4xx_rcc.o(i.RCC_HCLKConfig), (24 bytes).
    Removing stm32f4xx_rcc.o(i.RCC_HSEConfig), (16 bytes).
    Removing stm32f4xx_rcc.o(i.RCC_HSICmd), (12 bytes).
    Removing stm32f4xx_rcc.o(i.RCC_I2SCLKConfig), (12 bytes).
    Removing stm32f4xx_rcc.o(i.RCC_ITConfig), (32 bytes).
    Removing stm32f4xx_rcc.o(i.RCC_LSEConfig), (44 bytes).
    Removing stm32f4xx_rcc.o(i.RCC_LSICmd), (12 bytes).
    Removing stm32f4xx_rcc.o(i.RCC_LTDCCLKDivConfig), (24 bytes).
    Removing stm32f4xx_rcc.o(i.RCC_MCO1Config), (28 bytes).
    Removing stm32f4xx_rcc.o(i.RCC_MCO2Config), (28 bytes).
    Removing stm32f4xx_rcc.o(i.RCC_PCLK1Config), (24 bytes).
    Removing stm32f4xx_rcc.o(i.RCC_PCLK2Config), (24 bytes).
    Removing stm32f4xx_rcc.o(i.RCC_PLLCmd), (12 bytes).
    Removing stm32f4xx_rcc.o(i.RCC_PLLConfig), (36 bytes).
    Removing stm32f4xx_rcc.o(i.RCC_PLLI2SCmd), (12 bytes).
    Removing stm32f4xx_rcc.o(i.RCC_PLLI2SConfig), (16 bytes).
    Removing stm32f4xx_rcc.o(i.RCC_PLLSAICmd), (12 bytes).
    Removing stm32f4xx_rcc.o(i.RCC_PLLSAIConfig), (24 bytes).
    Removing stm32f4xx_rcc.o(i.RCC_RTCCLKCmd), (12 bytes).
    Removing stm32f4xx_rcc.o(i.RCC_RTCCLKConfig), (60 bytes).
    Removing stm32f4xx_rcc.o(i.RCC_SAIBlockACLKConfig), (24 bytes).
    Removing stm32f4xx_rcc.o(i.RCC_SAIBlockBCLKConfig), (24 bytes).
    Removing stm32f4xx_rcc.o(i.RCC_SAIPLLI2SClkDivConfig), (28 bytes).
    Removing stm32f4xx_rcc.o(i.RCC_SAIPLLSAIClkDivConfig), (28 bytes).
    Removing stm32f4xx_rcc.o(i.RCC_SYSCLKConfig), (24 bytes).
    Removing stm32f4xx_rcc.o(i.RCC_TIMCLKPresConfig), (12 bytes).
    Removing stm32f4xx_rcc.o(i.RCC_WaitForHSEStartUp), (56 bytes).
    Removing stm32f4xx_syscfg.o(.rev16_text), (4 bytes).
    Removing stm32f4xx_syscfg.o(.revsh_text), (4 bytes).
    Removing stm32f4xx_syscfg.o(.rrx_text), (6 bytes).
    Removing stm32f4xx_syscfg.o(i.SYSCFG_CompensationCellCmd), (12 bytes).
    Removing stm32f4xx_syscfg.o(i.SYSCFG_DeInit), (22 bytes).
    Removing stm32f4xx_syscfg.o(i.SYSCFG_ETH_MediaInterfaceConfig), (12 bytes).
    Removing stm32f4xx_syscfg.o(i.SYSCFG_GetCompensationCellStatus), (24 bytes).
    Removing stm32f4xx_syscfg.o(i.SYSCFG_MemoryRemapConfig), (12 bytes).
    Removing stm32f4xx_syscfg.o(i.SYSCFG_MemorySwappingBank), (12 bytes).
    Removing stm32f4xx_tim.o(.rev16_text), (4 bytes).
    Removing stm32f4xx_tim.o(.revsh_text), (4 bytes).
    Removing stm32f4xx_tim.o(.rrx_text), (6 bytes).
    Removing stm32f4xx_tim.o(i.TI1_Config), (58 bytes).
    Removing stm32f4xx_tim.o(i.TI2_Config), (80 bytes).
    Removing stm32f4xx_tim.o(i.TI3_Config), (72 bytes).
    Removing stm32f4xx_tim.o(i.TI4_Config), (80 bytes).
    Removing stm32f4xx_tim.o(i.TIM_BDTRConfig), (32 bytes).
    Removing stm32f4xx_tim.o(i.TIM_BDTRStructInit), (18 bytes).
    Removing stm32f4xx_tim.o(i.TIM_CCPreloadControl), (24 bytes).
    Removing stm32f4xx_tim.o(i.TIM_CCxCmd), (30 bytes).
    Removing stm32f4xx_tim.o(i.TIM_CCxNCmd), (30 bytes).
    Removing stm32f4xx_tim.o(i.TIM_ClearFlag), (6 bytes).
    Removing stm32f4xx_tim.o(i.TIM_ClearOC1Ref), (18 bytes).
    Removing stm32f4xx_tim.o(i.TIM_ClearOC2Ref), (24 bytes).
    Removing stm32f4xx_tim.o(i.TIM_ClearOC3Ref), (18 bytes).
    Removing stm32f4xx_tim.o(i.TIM_ClearOC4Ref), (24 bytes).
    Removing stm32f4xx_tim.o(i.TIM_CounterModeConfig), (18 bytes).
    Removing stm32f4xx_tim.o(i.TIM_DMACmd), (18 bytes).
    Removing stm32f4xx_tim.o(i.TIM_DMAConfig), (10 bytes).
    Removing stm32f4xx_tim.o(i.TIM_DeInit), (400 bytes).
    Removing stm32f4xx_tim.o(i.TIM_ETRClockMode1Config), (54 bytes).
    Removing stm32f4xx_tim.o(i.TIM_ETRClockMode2Config), (32 bytes).
    Removing stm32f4xx_tim.o(i.TIM_ETRConfig), (28 bytes).
    Removing stm32f4xx_tim.o(i.TIM_EncoderInterfaceConfig), (66 bytes).
    Removing stm32f4xx_tim.o(i.TIM_ForcedOC1Config), (18 bytes).
    Removing stm32f4xx_tim.o(i.TIM_ForcedOC2Config), (26 bytes).
    Removing stm32f4xx_tim.o(i.TIM_ForcedOC3Config), (18 bytes).
    Removing stm32f4xx_tim.o(i.TIM_ForcedOC4Config), (26 bytes).
    Removing stm32f4xx_tim.o(i.TIM_GenerateEvent), (4 bytes).
    Removing stm32f4xx_tim.o(i.TIM_GetCapture1), (6 bytes).
    Removing stm32f4xx_tim.o(i.TIM_GetCapture2), (6 bytes).
    Removing stm32f4xx_tim.o(i.TIM_GetCapture3), (6 bytes).
    Removing stm32f4xx_tim.o(i.TIM_GetCapture4), (6 bytes).
    Removing stm32f4xx_tim.o(i.TIM_GetCounter), (6 bytes).
    Removing stm32f4xx_tim.o(i.TIM_GetFlagStatus), (18 bytes).
    Removing stm32f4xx_tim.o(i.TIM_GetPrescaler), (6 bytes).
    Removing stm32f4xx_tim.o(i.TIM_ICInit), (110 bytes).
    Removing stm32f4xx_tim.o(i.TIM_ICStructInit), (18 bytes).
    Removing stm32f4xx_tim.o(i.TIM_ITRxExternalClockConfig), (24 bytes).
    Removing stm32f4xx_tim.o(i.TIM_InternalClockConfig), (12 bytes).
    Removing stm32f4xx_tim.o(i.TIM_OC1FastConfig), (18 bytes).
    Removing stm32f4xx_tim.o(i.TIM_OC1NPolarityConfig), (18 bytes).
    Removing stm32f4xx_tim.o(i.TIM_OC1PolarityConfig), (18 bytes).
    Removing stm32f4xx_tim.o(i.TIM_OC2FastConfig), (26 bytes).
    Removing stm32f4xx_tim.o(i.TIM_OC2Init), (164 bytes).
    Removing stm32f4xx_tim.o(i.TIM_OC2NPolarityConfig), (26 bytes).
    Removing stm32f4xx_tim.o(i.TIM_OC2PolarityConfig), (26 bytes).
    Removing stm32f4xx_tim.o(i.TIM_OC2PreloadConfig), (26 bytes).
    Removing stm32f4xx_tim.o(i.TIM_OC3FastConfig), (18 bytes).
    Removing stm32f4xx_tim.o(i.TIM_OC3Init), (160 bytes).
    Removing stm32f4xx_tim.o(i.TIM_OC3NPolarityConfig), (26 bytes).
    Removing stm32f4xx_tim.o(i.TIM_OC3PolarityConfig), (26 bytes).
    Removing stm32f4xx_tim.o(i.TIM_OC3PreloadConfig), (18 bytes).
    Removing stm32f4xx_tim.o(i.TIM_OC4FastConfig), (26 bytes).
    Removing stm32f4xx_tim.o(i.TIM_OC4Init), (120 bytes).
    Removing stm32f4xx_tim.o(i.TIM_OC4PolarityConfig), (26 bytes).
    Removing stm32f4xx_tim.o(i.TIM_OC4PreloadConfig), (26 bytes).
    Removing stm32f4xx_tim.o(i.TIM_OCStructInit), (20 bytes).
    Removing stm32f4xx_tim.o(i.TIM_PWMIConfig), (124 bytes).
    Removing stm32f4xx_tim.o(i.TIM_PrescalerConfig), (6 bytes).
    Removing stm32f4xx_tim.o(i.TIM_RemapConfig), (6 bytes).
    Removing stm32f4xx_tim.o(i.TIM_SelectCCDMA), (24 bytes).
    Removing stm32f4xx_tim.o(i.TIM_SelectCOM), (24 bytes).
    Removing stm32f4xx_tim.o(i.TIM_SelectHallSensor), (24 bytes).
    Removing stm32f4xx_tim.o(i.TIM_SelectInputTrigger), (18 bytes).
    Removing stm32f4xx_tim.o(i.TIM_SelectMasterSlaveMode), (18 bytes).
    Removing stm32f4xx_tim.o(i.TIM_SelectOCxM), (86 bytes).
    Removing stm32f4xx_tim.o(i.TIM_SelectOnePulseMode), (18 bytes).
    Removing stm32f4xx_tim.o(i.TIM_SelectOutputTrigger), (18 bytes).
    Removing stm32f4xx_tim.o(i.TIM_SelectSlaveMode), (18 bytes).
    Removing stm32f4xx_tim.o(i.TIM_SetAutoreload), (4 bytes).
    Removing stm32f4xx_tim.o(i.TIM_SetClockDivision), (18 bytes).
    Removing stm32f4xx_tim.o(i.TIM_SetCompare2), (4 bytes).
    Removing stm32f4xx_tim.o(i.TIM_SetCompare3), (4 bytes).
    Removing stm32f4xx_tim.o(i.TIM_SetCompare4), (4 bytes).
    Removing stm32f4xx_tim.o(i.TIM_SetCounter), (4 bytes).
    Removing stm32f4xx_tim.o(i.TIM_SetIC1Prescaler), (18 bytes).
    Removing stm32f4xx_tim.o(i.TIM_SetIC2Prescaler), (26 bytes).
    Removing stm32f4xx_tim.o(i.TIM_SetIC3Prescaler), (18 bytes).
    Removing stm32f4xx_tim.o(i.TIM_SetIC4Prescaler), (26 bytes).
    Removing stm32f4xx_tim.o(i.TIM_TIxExternalClockConfig), (62 bytes).
    Removing stm32f4xx_tim.o(i.TIM_TimeBaseStructInit), (18 bytes).
    Removing stm32f4xx_tim.o(i.TIM_UpdateDisableConfig), (24 bytes).
    Removing stm32f4xx_tim.o(i.TIM_UpdateRequestConfig), (24 bytes).
    Removing stm32f4xx_usart.o(.rev16_text), (4 bytes).
    Removing stm32f4xx_usart.o(.revsh_text), (4 bytes).
    Removing stm32f4xx_usart.o(.rrx_text), (6 bytes).
    Removing stm32f4xx_usart.o(i.USART_ClockInit), (32 bytes).
    Removing stm32f4xx_usart.o(i.USART_ClockStructInit), (12 bytes).
    Removing stm32f4xx_usart.o(i.USART_DMACmd), (18 bytes).
    Removing stm32f4xx_usart.o(i.USART_DeInit), (240 bytes).
    Removing stm32f4xx_usart.o(i.USART_HalfDuplexCmd), (24 bytes).
    Removing stm32f4xx_usart.o(i.USART_IrDACmd), (24 bytes).
    Removing stm32f4xx_usart.o(i.USART_IrDAConfig), (18 bytes).
    Removing stm32f4xx_usart.o(i.USART_LINBreakDetectLengthConfig), (18 bytes).
    Removing stm32f4xx_usart.o(i.USART_LINCmd), (24 bytes).
    Removing stm32f4xx_usart.o(i.USART_OneBitMethodCmd), (24 bytes).
    Removing stm32f4xx_usart.o(i.USART_OverSampling8Cmd), (22 bytes).
    Removing stm32f4xx_usart.o(i.USART_ReceiverWakeUpCmd), (24 bytes).
    Removing stm32f4xx_usart.o(i.USART_SendBreak), (10 bytes).
    Removing stm32f4xx_usart.o(i.USART_SetAddress), (18 bytes).
    Removing stm32f4xx_usart.o(i.USART_SetGuardTime), (16 bytes).
    Removing stm32f4xx_usart.o(i.USART_SetPrescaler), (16 bytes).
    Removing stm32f4xx_usart.o(i.USART_SmartCardCmd), (24 bytes).
    Removing stm32f4xx_usart.o(i.USART_SmartCardNACKCmd), (24 bytes).
    Removing stm32f4xx_usart.o(i.USART_WakeUpConfig), (18 bytes).
    Removing system_stm32f4xx.o(.rev16_text), (4 bytes).
    Removing system_stm32f4xx.o(.revsh_text), (4 bytes).
    Removing system_stm32f4xx.o(.rrx_text), (6 bytes).
    Removing system_stm32f4xx.o(i.SystemCoreClockUpdate), (192 bytes).
    Removing system_stm32f4xx.o(.data), (20 bytes).

233 unused section(s) (total 6358 bytes) removed from the image.

==============================================================================

Image Symbol Table

    Local Symbols

    Symbol Name                              Value     Ov Type        Size  Object(Section)

    ../clib/angel/boardlib.s                 0x00000000   Number         0  boardinit2.o ABSOLUTE
    ../clib/angel/boardlib.s                 0x00000000   Number         0  boardinit1.o ABSOLUTE
    ../clib/angel/boardlib.s                 0x00000000   Number         0  boardshut.o ABSOLUTE
    ../clib/angel/boardlib.s                 0x00000000   Number         0  boardinit3.o ABSOLUTE
    ../clib/angel/handlers.s                 0x00000000   Number         0  __scatter_copy.o ABSOLUTE
    ../clib/angel/handlers.s                 0x00000000   Number         0  __scatter_zi.o ABSOLUTE
    ../clib/angel/kernel.s                   0x00000000   Number         0  __rtentry.o ABSOLUTE
    ../clib/angel/kernel.s                   0x00000000   Number         0  __rtentry2.o ABSOLUTE
    ../clib/angel/kernel.s                   0x00000000   Number         0  __rtentry4.o ABSOLUTE
    ../clib/angel/kernel.s                   0x00000000   Number         0  rtexit2.o ABSOLUTE
    ../clib/angel/kernel.s                   0x00000000   Number         0  rtexit.o ABSOLUTE
    ../clib/angel/rt.s                       0x00000000   Number         0  rt_raise.o ABSOLUTE
    ../clib/angel/scatter.s                  0x00000000   Number         0  __scatter.o ABSOLUTE
    ../clib/angel/startup.s                  0x00000000   Number         0  __main.o ABSOLUTE
    ../clib/angel/sys.s                      0x00000000   Number         0  indicate_semi.o ABSOLUTE
    ../clib/angel/sys.s                      0x00000000   Number         0  libspace.o ABSOLUTE
    ../clib/angel/sys.s                      0x00000000   Number         0  sys_stackheap_outer.o ABSOLUTE
    ../clib/angel/sys.s                      0x00000000   Number         0  use_no_semi.o ABSOLUTE
    ../clib/angel/sys.s                      0x00000000   Number         0  use_no_semi_2.o ABSOLUTE
    ../clib/angel/sysapp.c                   0x00000000   Number         0  sys_command.o ABSOLUTE
    ../clib/angel/sysapp.c                   0x00000000   Number         0  sys_wrch.o ABSOLUTE
    ../clib/armsys.c                         0x00000000   Number         0  argv_veneer.o ABSOLUTE
    ../clib/armsys.c                         0x00000000   Number         0  argv_veneer.o ABSOLUTE
    ../clib/armsys.c                         0x00000000   Number         0  no_argv.o ABSOLUTE
    ../clib/armsys.c                         0x00000000   Number         0  _get_argv_nomalloc.o ABSOLUTE
    ../clib/heapalloc.c                      0x00000000   Number         0  hrguard.o ABSOLUTE
    ../clib/heapaux.c                        0x00000000   Number         0  heapauxi.o ABSOLUTE
    ../clib/libinit.s                        0x00000000   Number         0  libinit2.o ABSOLUTE
    ../clib/libinit.s                        0x00000000   Number         0  libinit.o ABSOLUTE
    ../clib/libinit.s                        0x00000000   Number         0  libshutdown2.o ABSOLUTE
    ../clib/libinit.s                        0x00000000   Number         0  libshutdown.o ABSOLUTE
    ../clib/printf.c                         0x00000000   Number         0  __printf_ss.o ABSOLUTE
    ../clib/printf.c                         0x00000000   Number         0  __printf_flags_ss.o ABSOLUTE
    ../clib/printf.c                         0x00000000   Number         0  _printf_dec.o ABSOLUTE
    ../clib/printf.c                         0x00000000   Number         0  __printf.o ABSOLUTE
    ../clib/printf.c                         0x00000000   Number         0  _printf_intcommon.o ABSOLUTE
    ../clib/printf.c                         0x00000000   Number         0  noretval__2printf.o ABSOLUTE
    ../clib/printf.c                         0x00000000   Number         0  __printf_wp.o ABSOLUTE
    ../clib/printf.c                         0x00000000   Number         0  __printf_flags_wp.o ABSOLUTE
    ../clib/printf.c                         0x00000000   Number         0  __printf_ss_wp.o ABSOLUTE
    ../clib/printf.c                         0x00000000   Number         0  __2printf.o ABSOLUTE
    ../clib/printf.c                         0x00000000   Number         0  __printf_flags.o ABSOLUTE
    ../clib/printf.c                         0x00000000   Number         0  _printf_char_common.o ABSOLUTE
    ../clib/printf.c                         0x00000000   Number         0  _printf_char_file.o ABSOLUTE
    ../clib/printf.c                         0x00000000   Number         0  __printf_flags_ss_wp.o ABSOLUTE
    ../clib/printf.c                         0x00000000   Number         0  __printf_nopercent.o ABSOLUTE
    ../clib/printf_percent.s                 0x00000000   Number         0  _printf_percent.o ABSOLUTE
    ../clib/printf_percent.s                 0x00000000   Number         0  _printf_percent_end.o ABSOLUTE
    ../clib/printf_percent.s                 0x00000000   Number         0  _printf_d.o ABSOLUTE
    ../clib/signal.c                         0x00000000   Number         0  defsig_rtmem_formal.o ABSOLUTE
    ../clib/signal.c                         0x00000000   Number         0  defsig_rtmem_outer.o ABSOLUTE
    ../clib/signal.c                         0x00000000   Number         0  defsig_other.o ABSOLUTE
    ../clib/signal.c                         0x00000000   Number         0  defsig_segv_inner.o ABSOLUTE
    ../clib/signal.c                         0x00000000   Number         0  defsig_pvfn_inner.o ABSOLUTE
    ../clib/signal.c                         0x00000000   Number         0  defsig_stak_inner.o ABSOLUTE
    ../clib/signal.c                         0x00000000   Number         0  defsig_rtred_inner.o ABSOLUTE
    ../clib/signal.c                         0x00000000   Number         0  defsig_fpe_inner.o ABSOLUTE
    ../clib/signal.c                         0x00000000   Number         0  defsig_abrt_inner.o ABSOLUTE
    ../clib/signal.c                         0x00000000   Number         0  defsig_general.o ABSOLUTE
    ../clib/signal.c                         0x00000000   Number         0  defsig_cppl_inner.o ABSOLUTE
    ../clib/signal.c                         0x00000000   Number         0  __raise.o ABSOLUTE
    ../clib/signal.c                         0x00000000   Number         0  defsig_rtmem_inner.o ABSOLUTE
    ../clib/signal.c                         0x00000000   Number         0  defsig_exit.o ABSOLUTE
    ../clib/signal.s                         0x00000000   Number         0  defsig.o ABSOLUTE
    ../clib/stdio.c                          0x00000000   Number         0  ferror_locked.o ABSOLUTE
    ../clib/stdio.c                          0x00000000   Number         0  ferror.o ABSOLUTE
    ../clib/stdlib.c                         0x00000000   Number         0  exit.o ABSOLUTE
    ../fplib/dcmpi.s                         0x00000000   Number         0  dcmpi.o ABSOLUTE
    ../fplib/dflt.s                          0x00000000   Number         0  dflt_clz.o ABSOLUTE
    ../fplib/dleqf.s                         0x00000000   Number         0  dleqf.o ABSOLUTE
    ../fplib/dmul.s                          0x00000000   Number         0  dmul.o ABSOLUTE
    ../fplib/dnaninf.s                       0x00000000   Number         0  dnaninf.o ABSOLUTE
    ../fplib/dretinf.s                       0x00000000   Number         0  dretinf.o ABSOLUTE
    ../fplib/drleqf.s                        0x00000000   Number         0  drleqf.o ABSOLUTE
    ../fplib/fpinit.s                        0x00000000   Number         0  fpinit.o ABSOLUTE
    ../fplib/usenofp.s                       0x00000000   Number         0  usenofp.o ABSOLUTE
    C:\Users\HP\AppData\Local\Arm\Packs\Keil\STM32F4xx_DFP\1.0.8\Device\StdPeriph_Driver\src\misc.c 0x00000000   Number         0  misc.o ABSOLUTE
    C:\Users\HP\AppData\Local\Arm\Packs\Keil\STM32F4xx_DFP\1.0.8\Device\StdPeriph_Driver\src\stm32f4xx_exti.c 0x00000000   Number         0  stm32f4xx_exti.o ABSOLUTE
    C:\Users\HP\AppData\Local\Arm\Packs\Keil\STM32F4xx_DFP\1.0.8\Device\StdPeriph_Driver\src\stm32f4xx_gpio.c 0x00000000   Number         0  stm32f4xx_gpio.o ABSOLUTE
    C:\Users\HP\AppData\Local\Arm\Packs\Keil\STM32F4xx_DFP\1.0.8\Device\StdPeriph_Driver\src\stm32f4xx_rcc.c 0x00000000   Number         0  stm32f4xx_rcc.o ABSOLUTE
    C:\Users\HP\AppData\Local\Arm\Packs\Keil\STM32F4xx_DFP\1.0.8\Device\StdPeriph_Driver\src\stm32f4xx_syscfg.c 0x00000000   Number         0  stm32f4xx_syscfg.o ABSOLUTE
    C:\Users\HP\AppData\Local\Arm\Packs\Keil\STM32F4xx_DFP\1.0.8\Device\StdPeriph_Driver\src\stm32f4xx_tim.c 0x00000000   Number         0  stm32f4xx_tim.o ABSOLUTE
    C:\Users\HP\AppData\Local\Arm\Packs\Keil\STM32F4xx_DFP\1.0.8\Device\StdPeriph_Driver\src\stm32f4xx_usart.c 0x00000000   Number         0  stm32f4xx_usart.o ABSOLUTE
    C:\\Users\\HP\\AppData\\Local\\Arm\\Packs\\Keil\\STM32F4xx_DFP\\1.0.8\\Device\\StdPeriph_Driver\\src\\misc.c 0x00000000   Number         0  misc.o ABSOLUTE
    C:\\Users\\HP\\AppData\\Local\\Arm\\Packs\\Keil\\STM32F4xx_DFP\\1.0.8\\Device\\StdPeriph_Driver\\src\\stm32f4xx_exti.c 0x00000000   Number         0  stm32f4xx_exti.o ABSOLUTE
    C:\\Users\\HP\\AppData\\Local\\Arm\\Packs\\Keil\\STM32F4xx_DFP\\1.0.8\\Device\\StdPeriph_Driver\\src\\stm32f4xx_gpio.c 0x00000000   Number         0  stm32f4xx_gpio.o ABSOLUTE
    C:\\Users\\HP\\AppData\\Local\\Arm\\Packs\\Keil\\STM32F4xx_DFP\\1.0.8\\Device\\StdPeriph_Driver\\src\\stm32f4xx_rcc.c 0x00000000   Number         0  stm32f4xx_rcc.o ABSOLUTE
    C:\\Users\\HP\\AppData\\Local\\Arm\\Packs\\Keil\\STM32F4xx_DFP\\1.0.8\\Device\\StdPeriph_Driver\\src\\stm32f4xx_syscfg.c 0x00000000   Number         0  stm32f4xx_syscfg.o ABSOLUTE
    C:\\Users\\HP\\AppData\\Local\\Arm\\Packs\\Keil\\STM32F4xx_DFP\\1.0.8\\Device\\StdPeriph_Driver\\src\\stm32f4xx_tim.c 0x00000000   Number         0  stm32f4xx_tim.o ABSOLUTE
    C:\\Users\\HP\\AppData\\Local\\Arm\\Packs\\Keil\\STM32F4xx_DFP\\1.0.8\\Device\\StdPeriph_Driver\\src\\stm32f4xx_usart.c 0x00000000   Number         0  stm32f4xx_usart.o ABSOLUTE
    Mycode\Beep.c                            0x00000000   Number         0  beep.o ABSOLUTE
    Mycode\\Beep.c                           0x00000000   Number         0  beep.o ABSOLUTE
    Mycode\\delay.c                          0x00000000   Number         0  delay.o ABSOLUTE
    Mycode\\exti.c                           0x00000000   Number         0  exti.o ABSOLUTE
    Mycode\\key.c                            0x00000000   Number         0  key.o ABSOLUTE
    Mycode\\led_pro.c                        0x00000000   Number         0  led_pro.o ABSOLUTE
    Mycode\\main.c                           0x00000000   Number         0  main.o ABSOLUTE
    Mycode\\pwm.c                            0x00000000   Number         0  pwm.o ABSOLUTE
    Mycode\\sr04.c                           0x00000000   Number         0  sr04.o ABSOLUTE
    Mycode\\tim.c                            0x00000000   Number         0  tim.o ABSOLUTE
    Mycode\\usart.c                          0x00000000   Number         0  usart.o ABSOLUTE
    Mycode\delay.c                           0x00000000   Number         0  delay.o ABSOLUTE
    Mycode\exti.c                            0x00000000   Number         0  exti.o ABSOLUTE
    Mycode\key.c                             0x00000000   Number         0  key.o ABSOLUTE
    Mycode\led_pro.c                         0x00000000   Number         0  led_pro.o ABSOLUTE
    Mycode\main.c                            0x00000000   Number         0  main.o ABSOLUTE
    Mycode\pwm.c                             0x00000000   Number         0  pwm.o ABSOLUTE
    Mycode\sr04.c                            0x00000000   Number         0  sr04.o ABSOLUTE
    Mycode\tim.c                             0x00000000   Number         0  tim.o ABSOLUTE
    Mycode\usart.c                           0x00000000   Number         0  usart.o ABSOLUTE
    RTE\Device\STM32F407ZE\startup_stm32f40_41xxx.s 0x00000000   Number         0  startup_stm32f40_41xxx.o ABSOLUTE
    RTE\Device\STM32F407ZE\system_stm32f4xx.c 0x00000000   Number         0  system_stm32f4xx.o ABSOLUTE
    RTE\\Device\\STM32F407ZE\\system_stm32f4xx.c 0x00000000   Number         0  system_stm32f4xx.o ABSOLUTE
    dc.s                                     0x00000000   Number         0  dc.o ABSOLUTE
    RESET                                    0x08000000   Section      392  startup_stm32f40_41xxx.o(RESET)
    !!!main                                  0x08000188   Section        8  __main.o(!!!main)
    !!!scatter                               0x08000190   Section       52  __scatter.o(!!!scatter)
    !!handler_copy                           0x080001c4   Section       26  __scatter_copy.o(!!handler_copy)
    !!handler_zi                             0x080001e0   Section       28  __scatter_zi.o(!!handler_zi)
    .ARM.Collect$$_printf_percent$$00000000  0x080001fc   Section        0  _printf_percent.o(.ARM.Collect$$_printf_percent$$00000000)
    .ARM.Collect$$_printf_percent$$00000009  0x080001fc   Section        6  _printf_d.o(.ARM.Collect$$_printf_percent$$00000009)
    .ARM.Collect$$_printf_percent$$00000017  0x08000202   Section        4  _printf_percent_end.o(.ARM.Collect$$_printf_percent$$00000017)
    .ARM.Collect$$libinit$$00000000          0x08000206   Section        2  libinit.o(.ARM.Collect$$libinit$$00000000)
    .ARM.Collect$$libinit$$00000001          0x08000208   Section        4  libinit2.o(.ARM.Collect$$libinit$$00000001)
    .ARM.Collect$$libinit$$00000004          0x0800020c   Section        0  libinit2.o(.ARM.Collect$$libinit$$00000004)
    .ARM.Collect$$libinit$$0000000A          0x0800020c   Section        0  libinit2.o(.ARM.Collect$$libinit$$0000000A)
    .ARM.Collect$$libinit$$0000000C          0x0800020c   Section        0  libinit2.o(.ARM.Collect$$libinit$$0000000C)
    .ARM.Collect$$libinit$$0000000E          0x0800020c   Section        0  libinit2.o(.ARM.Collect$$libinit$$0000000E)
    .ARM.Collect$$libinit$$00000011          0x0800020c   Section        0  libinit2.o(.ARM.Collect$$libinit$$00000011)
    .ARM.Collect$$libinit$$00000013          0x0800020c   Section        0  libinit2.o(.ARM.Collect$$libinit$$00000013)
    .ARM.Collect$$libinit$$00000015          0x0800020c   Section        0  libinit2.o(.ARM.Collect$$libinit$$00000015)
    .ARM.Collect$$libinit$$00000017          0x0800020c   Section        0  libinit2.o(.ARM.Collect$$libinit$$00000017)
    .ARM.Collect$$libinit$$00000019          0x0800020c   Section        0  libinit2.o(.ARM.Collect$$libinit$$00000019)
    .ARM.Collect$$libinit$$0000001B          0x0800020c   Section        0  libinit2.o(.ARM.Collect$$libinit$$0000001B)
    .ARM.Collect$$libinit$$0000001D          0x0800020c   Section        0  libinit2.o(.ARM.Collect$$libinit$$0000001D)
    .ARM.Collect$$libinit$$0000001F          0x0800020c   Section        0  libinit2.o(.ARM.Collect$$libinit$$0000001F)
    .ARM.Collect$$libinit$$00000021          0x0800020c   Section        0  libinit2.o(.ARM.Collect$$libinit$$00000021)
    .ARM.Collect$$libinit$$00000023          0x0800020c   Section        0  libinit2.o(.ARM.Collect$$libinit$$00000023)
    .ARM.Collect$$libinit$$00000025          0x0800020c   Section        0  libinit2.o(.ARM.Collect$$libinit$$00000025)
    .ARM.Collect$$libinit$$0000002C          0x0800020c   Section        0  libinit2.o(.ARM.Collect$$libinit$$0000002C)
    .ARM.Collect$$libinit$$0000002E          0x0800020c   Section        0  libinit2.o(.ARM.Collect$$libinit$$0000002E)
    .ARM.Collect$$libinit$$00000030          0x0800020c   Section        0  libinit2.o(.ARM.Collect$$libinit$$00000030)
    .ARM.Collect$$libinit$$00000032          0x0800020c   Section        0  libinit2.o(.ARM.Collect$$libinit$$00000032)
    .ARM.Collect$$libinit$$00000033          0x0800020c   Section        2  libinit2.o(.ARM.Collect$$libinit$$00000033)
    .ARM.Collect$$libshutdown$$00000000      0x0800020e   Section        2  libshutdown.o(.ARM.Collect$$libshutdown$$00000000)
    .ARM.Collect$$libshutdown$$00000002      0x08000210   Section        0  libshutdown2.o(.ARM.Collect$$libshutdown$$00000002)
    .ARM.Collect$$libshutdown$$00000004      0x08000210   Section        0  libshutdown2.o(.ARM.Collect$$libshutdown$$00000004)
    .ARM.Collect$$libshutdown$$00000007      0x08000210   Section        0  libshutdown2.o(.ARM.Collect$$libshutdown$$00000007)
    .ARM.Collect$$libshutdown$$0000000A      0x08000210   Section        0  libshutdown2.o(.ARM.Collect$$libshutdown$$0000000A)
    .ARM.Collect$$libshutdown$$0000000C      0x08000210   Section        0  libshutdown2.o(.ARM.Collect$$libshutdown$$0000000C)
    .ARM.Collect$$libshutdown$$0000000F      0x08000210   Section        0  libshutdown2.o(.ARM.Collect$$libshutdown$$0000000F)
    .ARM.Collect$$libshutdown$$00000010      0x08000210   Section        2  libshutdown2.o(.ARM.Collect$$libshutdown$$00000010)
    .ARM.Collect$$rtentry$$00000000          0x08000212   Section        0  __rtentry.o(.ARM.Collect$$rtentry$$00000000)
    .ARM.Collect$$rtentry$$00000002          0x08000212   Section        0  __rtentry2.o(.ARM.Collect$$rtentry$$00000002)
    .ARM.Collect$$rtentry$$00000004          0x08000212   Section        6  __rtentry4.o(.ARM.Collect$$rtentry$$00000004)
    .ARM.Collect$$rtentry$$00000009          0x08000218   Section        0  __rtentry2.o(.ARM.Collect$$rtentry$$00000009)
    .ARM.Collect$$rtentry$$0000000A          0x08000218   Section        4  __rtentry2.o(.ARM.Collect$$rtentry$$0000000A)
    .ARM.Collect$$rtentry$$0000000C          0x0800021c   Section        0  __rtentry2.o(.ARM.Collect$$rtentry$$0000000C)
    .ARM.Collect$$rtentry$$0000000D          0x0800021c   Section        8  __rtentry2.o(.ARM.Collect$$rtentry$$0000000D)
    .ARM.Collect$$rtexit$$00000000           0x08000224   Section        2  rtexit.o(.ARM.Collect$$rtexit$$00000000)
    .ARM.Collect$$rtexit$$00000002           0x08000226   Section        0  rtexit2.o(.ARM.Collect$$rtexit$$00000002)
    .ARM.Collect$$rtexit$$00000003           0x08000226   Section        4  rtexit2.o(.ARM.Collect$$rtexit$$00000003)
    .ARM.Collect$$rtexit$$00000004           0x0800022a   Section        6  rtexit2.o(.ARM.Collect$$rtexit$$00000004)
    .text                                    0x08000230   Section       64  startup_stm32f40_41xxx.o(.text)
    $v0                                      0x08000230   Number         0  startup_stm32f40_41xxx.o(.text)
    .text                                    0x08000270   Section        2  use_no_semi_2.o(.text)
    .text                                    0x08000274   Section        0  noretval__2printf.o(.text)
    .text                                    0x0800028c   Section        0  __printf.o(.text)
    .text                                    0x080002f4   Section        0  _printf_dec.o(.text)
    .text                                    0x0800036c   Section        0  heapauxi.o(.text)
    .text                                    0x08000372   Section        2  use_no_semi.o(.text)
    .text                                    0x08000374   Section        0  _printf_intcommon.o(.text)
    .text                                    0x08000428   Section        0  _printf_char_file.o(.text)
    .text                                    0x0800044c   Section        0  _printf_char_common.o(.text)
    _printf_input_char                       0x0800044d   Thumb Code    10  _printf_char_common.o(.text)
    .text                                    0x0800047c   Section        0  ferror.o(.text)
    .text                                    0x08000484   Section       74  sys_stackheap_outer.o(.text)
    .text                                    0x080004ce   Section        0  exit.o(.text)
    .text                                    0x080004e0   Section        8  libspace.o(.text)
    i.BlueTeeth_Usart_Init                   0x080004e8   Section        0  usart.o(i.BlueTeeth_Usart_Init)
    i.Delay_Init                             0x0800058c   Section        0  delay.o(i.Delay_Init)
    i.EXTI3_IRQHandler                       0x08000598   Section        0  exti.o(i.EXTI3_IRQHandler)
    i.EXTI4_IRQHandler                       0x08000600   Section        0  exti.o(i.EXTI4_IRQHandler)
    i.EXTI_ClearITPendingBit                 0x08000668   Section        0  stm32f4xx_exti.o(i.EXTI_ClearITPendingBit)
    i.EXTI_GetITStatus                       0x08000674   Section        0  stm32f4xx_exti.o(i.EXTI_GetITStatus)
    i.EXTI_Init                              0x0800068c   Section        0  stm32f4xx_exti.o(i.EXTI_Init)
    i.Exti_PE_Init                           0x08000720   Section        0  exti.o(i.Exti_PE_Init)
    i.GPIO_Init                              0x080007e8   Section        0  stm32f4xx_gpio.o(i.GPIO_Init)
    i.GPIO_PinAFConfig                       0x08000878   Section        0  stm32f4xx_gpio.o(i.GPIO_PinAFConfig)
    i.GPIO_ReadInputDataBit                  0x080008be   Section        0  stm32f4xx_gpio.o(i.GPIO_ReadInputDataBit)
    i.GPIO_ResetBits                         0x080008d0   Section        0  stm32f4xx_gpio.o(i.GPIO_ResetBits)
    i.GPIO_SetBits                           0x080008d4   Section        0  stm32f4xx_gpio.o(i.GPIO_SetBits)
    i.Get_Sr04_Value                         0x080008d8   Section        0  sr04.o(i.Get_Sr04_Value)
    i.Led_Init                               0x08000988   Section        0  led_pro.o(i.Led_Init)
    i.NVIC_Init                              0x080009cc   Section        0  misc.o(i.NVIC_Init)
    i.NVIC_PriorityGroupConfig               0x08000a44   Section        0  misc.o(i.NVIC_PriorityGroupConfig)
    i.Pwm_PA8_Init                           0x08000a58   Section        0  pwm.o(i.Pwm_PA8_Init)
    i.RCC_AHB1PeriphClockCmd                 0x08000b04   Section        0  stm32f4xx_rcc.o(i.RCC_AHB1PeriphClockCmd)
    i.RCC_APB1PeriphClockCmd                 0x08000b24   Section        0  stm32f4xx_rcc.o(i.RCC_APB1PeriphClockCmd)
    i.RCC_APB2PeriphClockCmd                 0x08000b44   Section        0  stm32f4xx_rcc.o(i.RCC_APB2PeriphClockCmd)
    i.RCC_GetClocksFreq                      0x08000b64   Section        0  stm32f4xx_rcc.o(i.RCC_GetClocksFreq)
    i.SYSCFG_EXTILineConfig                  0x08000c4c   Section        0  stm32f4xx_syscfg.o(i.SYSCFG_EXTILineConfig)
    i.SetSysClock                            0x08000c8c   Section        0  system_stm32f4xx.o(i.SetSysClock)
    SetSysClock                              0x08000c8d   Thumb Code   220  system_stm32f4xx.o(i.SetSysClock)
    i.Sr04_Init                              0x08000d78   Section        0  sr04.o(i.Sr04_Init)
    i.SysTick_CLKSourceConfig                0x08000dfc   Section        0  misc.o(i.SysTick_CLKSourceConfig)
    i.SystemInit                             0x08000e24   Section        0  system_stm32f4xx.o(i.SystemInit)
    i.TIM2_IRQHandler                        0x08000e8c   Section        0  tim.o(i.TIM2_IRQHandler)
    i.TIM_ARRPreloadConfig                   0x08000f10   Section        0  stm32f4xx_tim.o(i.TIM_ARRPreloadConfig)
    i.TIM_ClearITPendingBit                  0x08000f28   Section        0  stm32f4xx_tim.o(i.TIM_ClearITPendingBit)
    i.TIM_Cmd                                0x08000f2e   Section        0  stm32f4xx_tim.o(i.TIM_Cmd)
    i.TIM_CtrlPWMOutputs                     0x08000f46   Section        0  stm32f4xx_tim.o(i.TIM_CtrlPWMOutputs)
    i.TIM_GetITStatus                        0x08000f64   Section        0  stm32f4xx_tim.o(i.TIM_GetITStatus)
    i.TIM_ITConfig                           0x08000f86   Section        0  stm32f4xx_tim.o(i.TIM_ITConfig)
    i.TIM_OC1Init                            0x08000f98   Section        0  stm32f4xx_tim.o(i.TIM_OC1Init)
    i.TIM_OC1PreloadConfig                   0x08001014   Section        0  stm32f4xx_tim.o(i.TIM_OC1PreloadConfig)
    i.TIM_SetCompare1                        0x08001026   Section        0  stm32f4xx_tim.o(i.TIM_SetCompare1)
    i.TIM_TimeBaseInit                       0x0800102c   Section        0  stm32f4xx_tim.o(i.TIM_TimeBaseInit)
    i.Tim2_IT_Init                           0x080010b0   Section        0  tim.o(i.Tim2_IT_Init)
    i.USART2_IRQHandler                      0x08001120   Section        0  usart.o(i.USART2_IRQHandler)
    i.USART_ClearFlag                        0x08001158   Section        0  stm32f4xx_usart.o(i.USART_ClearFlag)
    i.USART_ClearITPendingBit                0x0800116a   Section        0  stm32f4xx_usart.o(i.USART_ClearITPendingBit)
    i.USART_Cmd                              0x08001188   Section        0  stm32f4xx_usart.o(i.USART_Cmd)
    i.USART_GetFlagStatus                    0x080011a0   Section        0  stm32f4xx_usart.o(i.USART_GetFlagStatus)
    i.USART_GetITStatus                      0x080011ba   Section        0  stm32f4xx_usart.o(i.USART_GetITStatus)
    i.USART_ITConfig                         0x0800120e   Section        0  stm32f4xx_usart.o(i.USART_ITConfig)
    i.USART_Init                             0x08001258   Section        0  stm32f4xx_usart.o(i.USART_Init)
    i.USART_ReceiveData                      0x0800132c   Section        0  stm32f4xx_usart.o(i.USART_ReceiveData)
    i.USART_SendData                         0x08001336   Section        0  stm32f4xx_usart.o(i.USART_SendData)
    i.USART_StructInit                       0x0800133e   Section        0  stm32f4xx_usart.o(i.USART_StructInit)
    i._sys_exit                              0x08001356   Section        0  usart.o(i._sys_exit)
    i.delay_ms                               0x0800135c   Section        0  delay.o(i.delay_ms)
    i.delay_us                               0x080013a8   Section        0  delay.o(i.delay_us)
    i.fputc                                  0x080013f4   Section        0  usart.o(i.fputc)
    i.main                                   0x08001418   Section        0  main.o(i.main)
    x$fpl$dcmpinf                            0x08001624   Section       24  dcmpi.o(x$fpl$dcmpinf)
    $v0                                      0x08001624   Number         0  dcmpi.o(x$fpl$dcmpinf)
    x$fpl$dflt                               0x0800163c   Section       46  dflt_clz.o(x$fpl$dflt)
    $v0                                      0x0800163c   Number         0  dflt_clz.o(x$fpl$dflt)
    x$fpl$dfltu                              0x0800166a   Section       38  dflt_clz.o(x$fpl$dfltu)
    $v0                                      0x0800166a   Number         0  dflt_clz.o(x$fpl$dfltu)
    x$fpl$dleqf                              0x08001690   Section      120  dleqf.o(x$fpl$dleqf)
    $v0                                      0x08001690   Number         0  dleqf.o(x$fpl$dleqf)
    x$fpl$dmul                               0x08001708   Section      340  dmul.o(x$fpl$dmul)
    $v0                                      0x08001708   Number         0  dmul.o(x$fpl$dmul)
    x$fpl$dnaninf                            0x0800185c   Section      156  dnaninf.o(x$fpl$dnaninf)
    $v0                                      0x0800185c   Number         0  dnaninf.o(x$fpl$dnaninf)
    x$fpl$dretinf                            0x080018f8   Section       12  dretinf.o(x$fpl$dretinf)
    $v0                                      0x080018f8   Number         0  dretinf.o(x$fpl$dretinf)
    x$fpl$drleqf                             0x08001904   Section      108  drleqf.o(x$fpl$drleqf)
    $v0                                      0x08001904   Number         0  drleqf.o(x$fpl$drleqf)
    x$fpl$fpinit                             0x08001970   Section       10  fpinit.o(x$fpl$fpinit)
    $v0                                      0x08001970   Number         0  fpinit.o(x$fpl$fpinit)
    x$fpl$usenofp                            0x0800197a   Section        0  usenofp.o(x$fpl$usenofp)
    .data                                    0x20000000   Section        6  main.o(.data)
    .data                                    0x20000008   Section        8  delay.o(.data)
    .data                                    0x20000010   Section        4  tim.o(.data)
    .data                                    0x20000014   Section        6  usart.o(.data)
    .data                                    0x2000001a   Section       16  stm32f4xx_rcc.o(.data)
    APBAHBPrescTable                         0x2000001a   Data          16  stm32f4xx_rcc.o(.data)
    .bss                                     0x2000002c   Section       96  libspace.o(.bss)
    HEAP                                     0x20000090   Section      512  startup_stm32f40_41xxx.o(HEAP)
    Heap_Mem                                 0x20000090   Data         512  startup_stm32f40_41xxx.o(HEAP)
    STACK                                    0x20000290   Section     2048  startup_stm32f40_41xxx.o(STACK)
    Stack_Mem                                0x20000290   Data        2048  startup_stm32f40_41xxx.o(STACK)
    __initial_sp                             0x20000a90   Data           0  startup_stm32f40_41xxx.o(STACK)

    Global Symbols

    Symbol Name                              Value     Ov Type        Size  Object(Section)

    BuildAttributes$$THM_ISAv4$E$P$D$K$B$S$7EM$VFPi3$EXTD16$VFPS$VFMA$PE$A:L22UL41UL21$X:L11$S22US41US21$IEEE1$IW$USESV6$~STKCKD$USESV7$~SHL$OSPACE$ROPI$EBA8$UX$STANDARDLIB$REQ8$PRES8$EABIv2 0x00000000   Number         0  anon$$obj.o ABSOLUTE
    __ARM_use_no_argv                        0x00000000   Number         0  main.o ABSOLUTE
    __ARM_exceptions_init                     - Undefined Weak Reference
    __alloca_initialize                       - Undefined Weak Reference
    __arm_preinit_                            - Undefined Weak Reference
    __cpp_initialize__aeabi_                  - Undefined Weak Reference
    __cxa_finalize                            - Undefined Weak Reference
    __rt_locale                               - Undefined Weak Reference
    __sigvec_lookup                           - Undefined Weak Reference
    _atexit_init                              - Undefined Weak Reference
    _call_atexit_fns                          - Undefined Weak Reference
    _clock_init                               - Undefined Weak Reference
    _fp_trap_init                             - Undefined Weak Reference
    _fp_trap_shutdown                         - Undefined Weak Reference
    _get_lc_collate                           - Undefined Weak Reference
    _get_lc_ctype                             - Undefined Weak Reference
    _get_lc_monetary                          - Undefined Weak Reference
    _get_lc_numeric                           - Undefined Weak Reference
    _get_lc_time                              - Undefined Weak Reference
    _getenv_init                              - Undefined Weak Reference
    _handle_redirection                       - Undefined Weak Reference
    _init_alloc                               - Undefined Weak Reference
    _init_user_alloc                          - Undefined Weak Reference
    _initio                                   - Undefined Weak Reference
    _mutex_acquire                            - Undefined Weak Reference
    _mutex_release                            - Undefined Weak Reference
    _printf_post_padding                      - Undefined Weak Reference
    _printf_pre_padding                       - Undefined Weak Reference
    _printf_truncate_signed                   - Undefined Weak Reference
    _printf_truncate_unsigned                 - Undefined Weak Reference
    _rand_init                                - Undefined Weak Reference
    _signal_finish                            - Undefined Weak Reference
    _signal_init                              - Undefined Weak Reference
    _terminate_alloc                          - Undefined Weak Reference
    _terminate_user_alloc                     - Undefined Weak Reference
    _terminateio                              - Undefined Weak Reference
    __Vectors_Size                           0x00000188   Number         0  startup_stm32f40_41xxx.o ABSOLUTE
    __Vectors                                0x08000000   Data           4  startup_stm32f40_41xxx.o(RESET)
    __Vectors_End                            0x08000188   Data           0  startup_stm32f40_41xxx.o(RESET)
    __main                                   0x08000189   Thumb Code     8  __main.o(!!!main)
    __scatterload                            0x08000191   Thumb Code     0  __scatter.o(!!!scatter)
    __scatterload_rt2                        0x08000191   Thumb Code    44  __scatter.o(!!!scatter)
    __scatterload_rt2_thumb_only             0x08000191   Thumb Code     0  __scatter.o(!!!scatter)
    __scatterload_null                       0x0800019f   Thumb Code     0  __scatter.o(!!!scatter)
    __scatterload_copy                       0x080001c5   Thumb Code    26  __scatter_copy.o(!!handler_copy)
    __scatterload_zeroinit                   0x080001e1   Thumb Code    28  __scatter_zi.o(!!handler_zi)
    _printf_d                                0x080001fd   Thumb Code     0  _printf_d.o(.ARM.Collect$$_printf_percent$$00000009)
    _printf_percent                          0x080001fd   Thumb Code     0  _printf_percent.o(.ARM.Collect$$_printf_percent$$00000000)
    _printf_percent_end                      0x08000203   Thumb Code     0  _printf_percent_end.o(.ARM.Collect$$_printf_percent$$00000017)
    __rt_lib_init                            0x08000207   Thumb Code     0  libinit.o(.ARM.Collect$$libinit$$00000000)
    __rt_lib_init_fp_1                       0x08000209   Thumb Code     0  libinit2.o(.ARM.Collect$$libinit$$00000001)
    __rt_lib_init_alloca_1                   0x0800020d   Thumb Code     0  libinit2.o(.ARM.Collect$$libinit$$0000002E)
    __rt_lib_init_argv_1                     0x0800020d   Thumb Code     0  libinit2.o(.ARM.Collect$$libinit$$0000002C)
    __rt_lib_init_atexit_1                   0x0800020d   Thumb Code     0  libinit2.o(.ARM.Collect$$libinit$$0000001B)
    __rt_lib_init_clock_1                    0x0800020d   Thumb Code     0  libinit2.o(.ARM.Collect$$libinit$$00000021)
    __rt_lib_init_cpp_1                      0x0800020d   Thumb Code     0  libinit2.o(.ARM.Collect$$libinit$$00000032)
    __rt_lib_init_exceptions_1               0x0800020d   Thumb Code     0  libinit2.o(.ARM.Collect$$libinit$$00000030)
    __rt_lib_init_fp_trap_1                  0x0800020d   Thumb Code     0  libinit2.o(.ARM.Collect$$libinit$$0000001F)
    __rt_lib_init_getenv_1                   0x0800020d   Thumb Code     0  libinit2.o(.ARM.Collect$$libinit$$00000023)
    __rt_lib_init_heap_1                     0x0800020d   Thumb Code     0  libinit2.o(.ARM.Collect$$libinit$$0000000A)
    __rt_lib_init_lc_collate_1               0x0800020d   Thumb Code     0  libinit2.o(.ARM.Collect$$libinit$$00000011)
    __rt_lib_init_lc_ctype_1                 0x0800020d   Thumb Code     0  libinit2.o(.ARM.Collect$$libinit$$00000013)
    __rt_lib_init_lc_monetary_1              0x0800020d   Thumb Code     0  libinit2.o(.ARM.Collect$$libinit$$00000015)
    __rt_lib_init_lc_numeric_1               0x0800020d   Thumb Code     0  libinit2.o(.ARM.Collect$$libinit$$00000017)
    __rt_lib_init_lc_time_1                  0x0800020d   Thumb Code     0  libinit2.o(.ARM.Collect$$libinit$$00000019)
    __rt_lib_init_preinit_1                  0x0800020d   Thumb Code     0  libinit2.o(.ARM.Collect$$libinit$$00000004)
    __rt_lib_init_rand_1                     0x0800020d   Thumb Code     0  libinit2.o(.ARM.Collect$$libinit$$0000000E)
    __rt_lib_init_return                     0x0800020d   Thumb Code     0  libinit2.o(.ARM.Collect$$libinit$$00000033)
    __rt_lib_init_signal_1                   0x0800020d   Thumb Code     0  libinit2.o(.ARM.Collect$$libinit$$0000001D)
    __rt_lib_init_stdio_1                    0x0800020d   Thumb Code     0  libinit2.o(.ARM.Collect$$libinit$$00000025)
    __rt_lib_init_user_alloc_1               0x0800020d   Thumb Code     0  libinit2.o(.ARM.Collect$$libinit$$0000000C)
    __rt_lib_shutdown                        0x0800020f   Thumb Code     0  libshutdown.o(.ARM.Collect$$libshutdown$$00000000)
    __rt_lib_shutdown_cpp_1                  0x08000211   Thumb Code     0  libshutdown2.o(.ARM.Collect$$libshutdown$$00000002)
    __rt_lib_shutdown_fp_trap_1              0x08000211   Thumb Code     0  libshutdown2.o(.ARM.Collect$$libshutdown$$00000007)
    __rt_lib_shutdown_heap_1                 0x08000211   Thumb Code     0  libshutdown2.o(.ARM.Collect$$libshutdown$$0000000F)
    __rt_lib_shutdown_return                 0x08000211   Thumb Code     0  libshutdown2.o(.ARM.Collect$$libshutdown$$00000010)
    __rt_lib_shutdown_signal_1               0x08000211   Thumb Code     0  libshutdown2.o(.ARM.Collect$$libshutdown$$0000000A)
    __rt_lib_shutdown_stdio_1                0x08000211   Thumb Code     0  libshutdown2.o(.ARM.Collect$$libshutdown$$00000004)
    __rt_lib_shutdown_user_alloc_1           0x08000211   Thumb Code     0  libshutdown2.o(.ARM.Collect$$libshutdown$$0000000C)
    __rt_entry                               0x08000213   Thumb Code     0  __rtentry.o(.ARM.Collect$$rtentry$$00000000)
    __rt_entry_presh_1                       0x08000213   Thumb Code     0  __rtentry2.o(.ARM.Collect$$rtentry$$00000002)
    __rt_entry_sh                            0x08000213   Thumb Code     0  __rtentry4.o(.ARM.Collect$$rtentry$$00000004)
    __rt_entry_li                            0x08000219   Thumb Code     0  __rtentry2.o(.ARM.Collect$$rtentry$$0000000A)
    __rt_entry_postsh_1                      0x08000219   Thumb Code     0  __rtentry2.o(.ARM.Collect$$rtentry$$00000009)
    __rt_entry_main                          0x0800021d   Thumb Code     0  __rtentry2.o(.ARM.Collect$$rtentry$$0000000D)
    __rt_entry_postli_1                      0x0800021d   Thumb Code     0  __rtentry2.o(.ARM.Collect$$rtentry$$0000000C)
    __rt_exit                                0x08000225   Thumb Code     0  rtexit.o(.ARM.Collect$$rtexit$$00000000)
    __rt_exit_ls                             0x08000227   Thumb Code     0  rtexit2.o(.ARM.Collect$$rtexit$$00000003)
    __rt_exit_prels_1                        0x08000227   Thumb Code     0  rtexit2.o(.ARM.Collect$$rtexit$$00000002)
    __rt_exit_exit                           0x0800022b   Thumb Code     0  rtexit2.o(.ARM.Collect$$rtexit$$00000004)
    Reset_Handler                            0x08000231   Thumb Code     8  startup_stm32f40_41xxx.o(.text)
    NMI_Handler                              0x08000239   Thumb Code     2  startup_stm32f40_41xxx.o(.text)
    HardFault_Handler                        0x0800023b   Thumb Code     2  startup_stm32f40_41xxx.o(.text)
    MemManage_Handler                        0x0800023d   Thumb Code     2  startup_stm32f40_41xxx.o(.text)
    BusFault_Handler                         0x0800023f   Thumb Code     2  startup_stm32f40_41xxx.o(.text)
    UsageFault_Handler                       0x08000241   Thumb Code     2  startup_stm32f40_41xxx.o(.text)
    SVC_Handler                              0x08000243   Thumb Code     2  startup_stm32f40_41xxx.o(.text)
    DebugMon_Handler                         0x08000245   Thumb Code     2  startup_stm32f40_41xxx.o(.text)
    PendSV_Handler                           0x08000247   Thumb Code     2  startup_stm32f40_41xxx.o(.text)
    SysTick_Handler                          0x08000249   Thumb Code     2  startup_stm32f40_41xxx.o(.text)
    ADC_IRQHandler                           0x0800024b   Thumb Code     0  startup_stm32f40_41xxx.o(.text)
    CAN1_RX0_IRQHandler                      0x0800024b   Thumb Code     0  startup_stm32f40_41xxx.o(.text)
    CAN1_RX1_IRQHandler                      0x0800024b   Thumb Code     0  startup_stm32f40_41xxx.o(.text)
    CAN1_SCE_IRQHandler                      0x0800024b   Thumb Code     0  startup_stm32f40_41xxx.o(.text)
    CAN1_TX_IRQHandler                       0x0800024b   Thumb Code     0  startup_stm32f40_41xxx.o(.text)
    CAN2_RX0_IRQHandler                      0x0800024b   Thumb Code     0  startup_stm32f40_41xxx.o(.text)
    CAN2_RX1_IRQHandler                      0x0800024b   Thumb Code     0  startup_stm32f40_41xxx.o(.text)
    CAN2_SCE_IRQHandler                      0x0800024b   Thumb Code     0  startup_stm32f40_41xxx.o(.text)
    CAN2_TX_IRQHandler                       0x0800024b   Thumb Code     0  startup_stm32f40_41xxx.o(.text)
    CRYP_IRQHandler                          0x0800024b   Thumb Code     0  startup_stm32f40_41xxx.o(.text)
    DCMI_IRQHandler                          0x0800024b   Thumb Code     0  startup_stm32f40_41xxx.o(.text)
    DMA1_Stream0_IRQHandler                  0x0800024b   Thumb Code     0  startup_stm32f40_41xxx.o(.text)
    DMA1_Stream1_IRQHandler                  0x0800024b   Thumb Code     0  startup_stm32f40_41xxx.o(.text)
    DMA1_Stream2_IRQHandler                  0x0800024b   Thumb Code     0  startup_stm32f40_41xxx.o(.text)
    DMA1_Stream3_IRQHandler                  0x0800024b   Thumb Code     0  startup_stm32f40_41xxx.o(.text)
    DMA1_Stream4_IRQHandler                  0x0800024b   Thumb Code     0  startup_stm32f40_41xxx.o(.text)
    DMA1_Stream5_IRQHandler                  0x0800024b   Thumb Code     0  startup_stm32f40_41xxx.o(.text)
    DMA1_Stream6_IRQHandler                  0x0800024b   Thumb Code     0  startup_stm32f40_41xxx.o(.text)
    DMA1_Stream7_IRQHandler                  0x0800024b   Thumb Code     0  startup_stm32f40_41xxx.o(.text)
    DMA2_Stream0_IRQHandler                  0x0800024b   Thumb Code     0  startup_stm32f40_41xxx.o(.text)
    DMA2_Stream1_IRQHandler                  0x0800024b   Thumb Code     0  startup_stm32f40_41xxx.o(.text)
    DMA2_Stream2_IRQHandler                  0x0800024b   Thumb Code     0  startup_stm32f40_41xxx.o(.text)
    DMA2_Stream3_IRQHandler                  0x0800024b   Thumb Code     0  startup_stm32f40_41xxx.o(.text)
    DMA2_Stream4_IRQHandler                  0x0800024b   Thumb Code     0  startup_stm32f40_41xxx.o(.text)
    DMA2_Stream5_IRQHandler                  0x0800024b   Thumb Code     0  startup_stm32f40_41xxx.o(.text)
    DMA2_Stream6_IRQHandler                  0x0800024b   Thumb Code     0  startup_stm32f40_41xxx.o(.text)
    DMA2_Stream7_IRQHandler                  0x0800024b   Thumb Code     0  startup_stm32f40_41xxx.o(.text)
    ETH_IRQHandler                           0x0800024b   Thumb Code     0  startup_stm32f40_41xxx.o(.text)
    ETH_WKUP_IRQHandler                      0x0800024b   Thumb Code     0  startup_stm32f40_41xxx.o(.text)
    EXTI0_IRQHandler                         0x0800024b   Thumb Code     0  startup_stm32f40_41xxx.o(.text)
    EXTI15_10_IRQHandler                     0x0800024b   Thumb Code     0  startup_stm32f40_41xxx.o(.text)
    EXTI1_IRQHandler                         0x0800024b   Thumb Code     0  startup_stm32f40_41xxx.o(.text)
    EXTI2_IRQHandler                         0x0800024b   Thumb Code     0  startup_stm32f40_41xxx.o(.text)
    EXTI9_5_IRQHandler                       0x0800024b   Thumb Code     0  startup_stm32f40_41xxx.o(.text)
    FLASH_IRQHandler                         0x0800024b   Thumb Code     0  startup_stm32f40_41xxx.o(.text)
    FPU_IRQHandler                           0x0800024b   Thumb Code     0  startup_stm32f40_41xxx.o(.text)
    FSMC_IRQHandler                          0x0800024b   Thumb Code     0  startup_stm32f40_41xxx.o(.text)
    HASH_RNG_IRQHandler                      0x0800024b   Thumb Code     0  startup_stm32f40_41xxx.o(.text)
    I2C1_ER_IRQHandler                       0x0800024b   Thumb Code     0  startup_stm32f40_41xxx.o(.text)
    I2C1_EV_IRQHandler                       0x0800024b   Thumb Code     0  startup_stm32f40_41xxx.o(.text)
    I2C2_ER_IRQHandler                       0x0800024b   Thumb Code     0  startup_stm32f40_41xxx.o(.text)
    I2C2_EV_IRQHandler                       0x0800024b   Thumb Code     0  startup_stm32f40_41xxx.o(.text)
    I2C3_ER_IRQHandler                       0x0800024b   Thumb Code     0  startup_stm32f40_41xxx.o(.text)
    I2C3_EV_IRQHandler                       0x0800024b   Thumb Code     0  startup_stm32f40_41xxx.o(.text)
    OTG_FS_IRQHandler                        0x0800024b   Thumb Code     0  startup_stm32f40_41xxx.o(.text)
    OTG_FS_WKUP_IRQHandler                   0x0800024b   Thumb Code     0  startup_stm32f40_41xxx.o(.text)
    OTG_HS_EP1_IN_IRQHandler                 0x0800024b   Thumb Code     0  startup_stm32f40_41xxx.o(.text)
    OTG_HS_EP1_OUT_IRQHandler                0x0800024b   Thumb Code     0  startup_stm32f40_41xxx.o(.text)
    OTG_HS_IRQHandler                        0x0800024b   Thumb Code     0  startup_stm32f40_41xxx.o(.text)
    OTG_HS_WKUP_IRQHandler                   0x0800024b   Thumb Code     0  startup_stm32f40_41xxx.o(.text)
    PVD_IRQHandler                           0x0800024b   Thumb Code     0  startup_stm32f40_41xxx.o(.text)
    RCC_IRQHandler                           0x0800024b   Thumb Code     0  startup_stm32f40_41xxx.o(.text)
    RTC_Alarm_IRQHandler                     0x0800024b   Thumb Code     0  startup_stm32f40_41xxx.o(.text)
    RTC_WKUP_IRQHandler                      0x0800024b   Thumb Code     0  startup_stm32f40_41xxx.o(.text)
    SDIO_IRQHandler                          0x0800024b   Thumb Code     0  startup_stm32f40_41xxx.o(.text)
    SPI1_IRQHandler                          0x0800024b   Thumb Code     0  startup_stm32f40_41xxx.o(.text)
    SPI2_IRQHandler                          0x0800024b   Thumb Code     0  startup_stm32f40_41xxx.o(.text)
    SPI3_IRQHandler                          0x0800024b   Thumb Code     0  startup_stm32f40_41xxx.o(.text)
    TAMP_STAMP_IRQHandler                    0x0800024b   Thumb Code     0  startup_stm32f40_41xxx.o(.text)
    TIM1_BRK_TIM9_IRQHandler                 0x0800024b   Thumb Code     0  startup_stm32f40_41xxx.o(.text)
    TIM1_CC_IRQHandler                       0x0800024b   Thumb Code     0  startup_stm32f40_41xxx.o(.text)
    TIM1_TRG_COM_TIM11_IRQHandler            0x0800024b   Thumb Code     0  startup_stm32f40_41xxx.o(.text)
    TIM1_UP_TIM10_IRQHandler                 0x0800024b   Thumb Code     0  startup_stm32f40_41xxx.o(.text)
    TIM3_IRQHandler                          0x0800024b   Thumb Code     0  startup_stm32f40_41xxx.o(.text)
    TIM4_IRQHandler                          0x0800024b   Thumb Code     0  startup_stm32f40_41xxx.o(.text)
    TIM5_IRQHandler                          0x0800024b   Thumb Code     0  startup_stm32f40_41xxx.o(.text)
    TIM6_DAC_IRQHandler                      0x0800024b   Thumb Code     0  startup_stm32f40_41xxx.o(.text)
    TIM7_IRQHandler                          0x0800024b   Thumb Code     0  startup_stm32f40_41xxx.o(.text)
    TIM8_BRK_TIM12_IRQHandler                0x0800024b   Thumb Code     0  startup_stm32f40_41xxx.o(.text)
    TIM8_CC_IRQHandler                       0x0800024b   Thumb Code     0  startup_stm32f40_41xxx.o(.text)
    TIM8_TRG_COM_TIM14_IRQHandler            0x0800024b   Thumb Code     0  startup_stm32f40_41xxx.o(.text)
    TIM8_UP_TIM13_IRQHandler                 0x0800024b   Thumb Code     0  startup_stm32f40_41xxx.o(.text)
    UART4_IRQHandler                         0x0800024b   Thumb Code     0  startup_stm32f40_41xxx.o(.text)
    UART5_IRQHandler                         0x0800024b   Thumb Code     0  startup_stm32f40_41xxx.o(.text)
    USART1_IRQHandler                        0x0800024b   Thumb Code     0  startup_stm32f40_41xxx.o(.text)
    USART3_IRQHandler                        0x0800024b   Thumb Code     0  startup_stm32f40_41xxx.o(.text)
    USART6_IRQHandler                        0x0800024b   Thumb Code     0  startup_stm32f40_41xxx.o(.text)
    WWDG_IRQHandler                          0x0800024b   Thumb Code     0  startup_stm32f40_41xxx.o(.text)
    __user_initial_stackheap                 0x0800024d   Thumb Code     0  startup_stm32f40_41xxx.o(.text)
    __use_no_semihosting                     0x08000271   Thumb Code     2  use_no_semi_2.o(.text)
    __2printf                                0x08000275   Thumb Code    20  noretval__2printf.o(.text)
    __printf                                 0x0800028d   Thumb Code   104  __printf.o(.text)
    _printf_int_dec                          0x080002f5   Thumb Code   104  _printf_dec.o(.text)
    __use_two_region_memory                  0x0800036d   Thumb Code     2  heapauxi.o(.text)
    __rt_heap_escrow$2region                 0x0800036f   Thumb Code     2  heapauxi.o(.text)
    __rt_heap_expand$2region                 0x08000371   Thumb Code     2  heapauxi.o(.text)
    __I$use$semihosting                      0x08000373   Thumb Code     0  use_no_semi.o(.text)
    __use_no_semihosting_swi                 0x08000373   Thumb Code     2  use_no_semi.o(.text)
    _printf_int_common                       0x08000375   Thumb Code   178  _printf_intcommon.o(.text)
    _printf_char_file                        0x08000429   Thumb Code    32  _printf_char_file.o(.text)
    _printf_char_common                      0x08000457   Thumb Code    32  _printf_char_common.o(.text)
    ferror                                   0x0800047d   Thumb Code     8  ferror.o(.text)
    __user_setup_stackheap                   0x08000485   Thumb Code    74  sys_stackheap_outer.o(.text)
    exit                                     0x080004cf   Thumb Code    18  exit.o(.text)
    __user_libspace                          0x080004e1   Thumb Code     8  libspace.o(.text)
    __user_perproc_libspace                  0x080004e1   Thumb Code     0  libspace.o(.text)
    __user_perthread_libspace                0x080004e1   Thumb Code     0  libspace.o(.text)
    BlueTeeth_Usart_Init                     0x080004e9   Thumb Code   156  usart.o(i.BlueTeeth_Usart_Init)
    Delay_Init                               0x0800058d   Thumb Code    12  delay.o(i.Delay_Init)
    EXTI3_IRQHandler                         0x08000599   Thumb Code    70  exti.o(i.EXTI3_IRQHandler)
    EXTI4_IRQHandler                         0x08000601   Thumb Code    70  exti.o(i.EXTI4_IRQHandler)
    EXTI_ClearITPendingBit                   0x08000669   Thumb Code     6  stm32f4xx_exti.o(i.EXTI_ClearITPendingBit)
    EXTI_GetITStatus                         0x08000675   Thumb Code    20  stm32f4xx_exti.o(i.EXTI_GetITStatus)
    EXTI_Init                                0x0800068d   Thumb Code   142  stm32f4xx_exti.o(i.EXTI_Init)
    Exti_PE_Init                             0x08000721   Thumb Code   196  exti.o(i.Exti_PE_Init)
    GPIO_Init                                0x080007e9   Thumb Code   144  stm32f4xx_gpio.o(i.GPIO_Init)
    GPIO_PinAFConfig                         0x08000879   Thumb Code    70  stm32f4xx_gpio.o(i.GPIO_PinAFConfig)
    GPIO_ReadInputDataBit                    0x080008bf   Thumb Code    18  stm32f4xx_gpio.o(i.GPIO_ReadInputDataBit)
    GPIO_ResetBits                           0x080008d1   Thumb Code     4  stm32f4xx_gpio.o(i.GPIO_ResetBits)
    GPIO_SetBits                             0x080008d5   Thumb Code     4  stm32f4xx_gpio.o(i.GPIO_SetBits)
    Get_Sr04_Value                           0x080008d9   Thumb Code   166  sr04.o(i.Get_Sr04_Value)
    Led_Init                                 0x08000989   Thumb Code    62  led_pro.o(i.Led_Init)
    NVIC_Init                                0x080009cd   Thumb Code   106  misc.o(i.NVIC_Init)
    NVIC_PriorityGroupConfig                 0x08000a45   Thumb Code    10  misc.o(i.NVIC_PriorityGroupConfig)
    Pwm_PA8_Init                             0x08000a59   Thumb Code   162  pwm.o(i.Pwm_PA8_Init)
    RCC_AHB1PeriphClockCmd                   0x08000b05   Thumb Code    26  stm32f4xx_rcc.o(i.RCC_AHB1PeriphClockCmd)
    RCC_APB1PeriphClockCmd                   0x08000b25   Thumb Code    26  stm32f4xx_rcc.o(i.RCC_APB1PeriphClockCmd)
    RCC_APB2PeriphClockCmd                   0x08000b45   Thumb Code    26  stm32f4xx_rcc.o(i.RCC_APB2PeriphClockCmd)
    RCC_GetClocksFreq                        0x08000b65   Thumb Code   214  stm32f4xx_rcc.o(i.RCC_GetClocksFreq)
    SYSCFG_EXTILineConfig                    0x08000c4d   Thumb Code    60  stm32f4xx_syscfg.o(i.SYSCFG_EXTILineConfig)
    Sr04_Init                                0x08000d79   Thumb Code   124  sr04.o(i.Sr04_Init)
    SysTick_CLKSourceConfig                  0x08000dfd   Thumb Code    40  misc.o(i.SysTick_CLKSourceConfig)
    SystemInit                               0x08000e25   Thumb Code    88  system_stm32f4xx.o(i.SystemInit)
    TIM2_IRQHandler                          0x08000e8d   Thumb Code    86  tim.o(i.TIM2_IRQHandler)
    TIM_ARRPreloadConfig                     0x08000f11   Thumb Code    24  stm32f4xx_tim.o(i.TIM_ARRPreloadConfig)
    TIM_ClearITPendingBit                    0x08000f29   Thumb Code     6  stm32f4xx_tim.o(i.TIM_ClearITPendingBit)
    TIM_Cmd                                  0x08000f2f   Thumb Code    24  stm32f4xx_tim.o(i.TIM_Cmd)
    TIM_CtrlPWMOutputs                       0x08000f47   Thumb Code    30  stm32f4xx_tim.o(i.TIM_CtrlPWMOutputs)
    TIM_GetITStatus                          0x08000f65   Thumb Code    34  stm32f4xx_tim.o(i.TIM_GetITStatus)
    TIM_ITConfig                             0x08000f87   Thumb Code    18  stm32f4xx_tim.o(i.TIM_ITConfig)
    TIM_OC1Init                              0x08000f99   Thumb Code   114  stm32f4xx_tim.o(i.TIM_OC1Init)
    TIM_OC1PreloadConfig                     0x08001015   Thumb Code    18  stm32f4xx_tim.o(i.TIM_OC1PreloadConfig)
    TIM_SetCompare1                          0x08001027   Thumb Code     4  stm32f4xx_tim.o(i.TIM_SetCompare1)
    TIM_TimeBaseInit                         0x0800102d   Thumb Code   104  stm32f4xx_tim.o(i.TIM_TimeBaseInit)
    Tim2_IT_Init                             0x080010b1   Thumb Code   110  tim.o(i.Tim2_IT_Init)
    USART2_IRQHandler                        0x08001121   Thumb Code    44  usart.o(i.USART2_IRQHandler)
    USART_ClearFlag                          0x08001159   Thumb Code    18  stm32f4xx_usart.o(i.USART_ClearFlag)
    USART_ClearITPendingBit                  0x0800116b   Thumb Code    30  stm32f4xx_usart.o(i.USART_ClearITPendingBit)
    USART_Cmd                                0x08001189   Thumb Code    24  stm32f4xx_usart.o(i.USART_Cmd)
    USART_GetFlagStatus                      0x080011a1   Thumb Code    26  stm32f4xx_usart.o(i.USART_GetFlagStatus)
    USART_GetITStatus                        0x080011bb   Thumb Code    84  stm32f4xx_usart.o(i.USART_GetITStatus)
    USART_ITConfig                           0x0800120f   Thumb Code    74  stm32f4xx_usart.o(i.USART_ITConfig)
    USART_Init                               0x08001259   Thumb Code   204  stm32f4xx_usart.o(i.USART_Init)
    USART_ReceiveData                        0x0800132d   Thumb Code    10  stm32f4xx_usart.o(i.USART_ReceiveData)
    USART_SendData                           0x08001337   Thumb Code     8  stm32f4xx_usart.o(i.USART_SendData)
    USART_StructInit                         0x0800133f   Thumb Code    24  stm32f4xx_usart.o(i.USART_StructInit)
    _sys_exit                                0x08001357   Thumb Code     4  usart.o(i._sys_exit)
    delay_ms                                 0x0800135d   Thumb Code    70  delay.o(i.delay_ms)
    delay_us                                 0x080013a9   Thumb Code    70  delay.o(i.delay_us)
    fputc                                    0x080013f5   Thumb Code    32  usart.o(i.fputc)
    main                                     0x08001419   Thumb Code   406  main.o(i.main)
    __fpl_dcmp_Inf                           0x08001625   Thumb Code    24  dcmpi.o(x$fpl$dcmpinf)
    __aeabi_i2d                              0x0800163d   Thumb Code     0  dflt_clz.o(x$fpl$dflt)
    _dflt                                    0x0800163d   Thumb Code    46  dflt_clz.o(x$fpl$dflt)
    __aeabi_ui2d                             0x0800166b   Thumb Code     0  dflt_clz.o(x$fpl$dfltu)
    _dfltu                                   0x0800166b   Thumb Code    38  dflt_clz.o(x$fpl$dfltu)
    __aeabi_cdcmple                          0x08001691   Thumb Code     0  dleqf.o(x$fpl$dleqf)
    _dcmple                                  0x08001691   Thumb Code   120  dleqf.o(x$fpl$dleqf)
    __fpl_dcmple_InfNaN                      0x080016f3   Thumb Code     0  dleqf.o(x$fpl$dleqf)
    __aeabi_dmul                             0x08001709   Thumb Code     0  dmul.o(x$fpl$dmul)
    _dmul                                    0x08001709   Thumb Code   332  dmul.o(x$fpl$dmul)
    __fpl_dnaninf                            0x0800185d   Thumb Code   156  dnaninf.o(x$fpl$dnaninf)
    __fpl_dretinf                            0x080018f9   Thumb Code    12  dretinf.o(x$fpl$dretinf)
    __aeabi_cdrcmple                         0x08001905   Thumb Code     0  drleqf.o(x$fpl$drleqf)
    _drcmple                                 0x08001905   Thumb Code   108  drleqf.o(x$fpl$drleqf)
    _fp_init                                 0x08001971   Thumb Code    10  fpinit.o(x$fpl$fpinit)
    __fplib_config_fpu_vfp                   0x08001979   Thumb Code     0  fpinit.o(x$fpl$fpinit)
    __fplib_config_pureend_doubles           0x08001979   Thumb Code     0  fpinit.o(x$fpl$fpinit)
    __I$use$fp                               0x0800197a   Number         0  usenofp.o(x$fpl$usenofp)
    Region$$Table$$Base                      0x0800197c   Number         0  anon$$obj.o(Region$$Table)
    Region$$Table$$Limit                     0x0800199c   Number         0  anon$$obj.o(Region$$Table)
    count                                    0x20000000   Data           1  main.o(.data)
    rx_i                                     0x20000001   Data           1  main.o(.data)
    rx_flag                                  0x20000002   Data           1  main.o(.data)
    SafeDistance                             0x20000004   Data           2  main.o(.data)
    my_us                                    0x20000008   Data           4  delay.o(.data)
    my_ms                                    0x2000000c   Data           4  delay.o(.data)
    counts                                   0x20000010   Data           4  tim.o(.data)
    __stdout                                 0x20000014   Data           4  usart.o(.data)
    data                                     0x20000018   Data           1  usart.o(.data)
    flag                                     0x20000019   Data           1  usart.o(.data)
    __libspace_start                         0x2000002c   Data          96  libspace.o(.bss)
    __temporary_stack_top$libspace           0x2000008c   Data           0  libspace.o(.bss)



==============================================================================

Memory Map of the image

  Image Entry point : 0x08000189

  Load Region LR_IROM1 (Base: 0x08000000, Size: 0x000019c8, Max: 0x00080000, ABSOLUTE)

    Execution Region ER_IROM1 (Exec base: 0x08000000, Load base: 0x08000000, Size: 0x0000199c, Max: 0x00080000, ABSOLUTE)

    Exec Addr    Load Addr    Size         Type   Attr      Idx    E Section Name        Object

    0x08000000   0x08000000   0x00000188   Data   RO         1793    RESET               startup_stm32f40_41xxx.o
    0x08000188   0x08000188   0x00000008   Code   RO         1875  * !!!main             c_w.l(__main.o)
    0x08000190   0x08000190   0x00000034   Code   RO         2062    !!!scatter          c_w.l(__scatter.o)
    0x080001c4   0x080001c4   0x0000001a   Code   RO         2064    !!handler_copy      c_w.l(__scatter_copy.o)
    0x080001de   0x080001de   0x00000002   PAD
    0x080001e0   0x080001e0   0x0000001c   Code   RO         2066    !!handler_zi        c_w.l(__scatter_zi.o)
    0x080001fc   0x080001fc   0x00000000   Code   RO         1872    .ARM.Collect$$_printf_percent$$00000000  c_w.l(_printf_percent.o)
    0x080001fc   0x080001fc   0x00000006   Code   RO         1871    .ARM.Collect$$_printf_percent$$00000009  c_w.l(_printf_d.o)
    0x08000202   0x08000202   0x00000004   Code   RO         1896    .ARM.Collect$$_printf_percent$$00000017  c_w.l(_printf_percent_end.o)
    0x08000206   0x08000206   0x00000002   Code   RO         1936    .ARM.Collect$$libinit$$00000000  c_w.l(libinit.o)
    0x08000208   0x08000208   0x00000004   Code   RO         1942    .ARM.Collect$$libinit$$00000001  c_w.l(libinit2.o)
    0x0800020c   0x0800020c   0x00000000   Code   RO         1945    .ARM.Collect$$libinit$$00000004  c_w.l(libinit2.o)
    0x0800020c   0x0800020c   0x00000000   Code   RO         1948    .ARM.Collect$$libinit$$0000000A  c_w.l(libinit2.o)
    0x0800020c   0x0800020c   0x00000000   Code   RO         1950    .ARM.Collect$$libinit$$0000000C  c_w.l(libinit2.o)
    0x0800020c   0x0800020c   0x00000000   Code   RO         1952    .ARM.Collect$$libinit$$0000000E  c_w.l(libinit2.o)
    0x0800020c   0x0800020c   0x00000000   Code   RO         1955    .ARM.Collect$$libinit$$00000011  c_w.l(libinit2.o)
    0x0800020c   0x0800020c   0x00000000   Code   RO         1957    .ARM.Collect$$libinit$$00000013  c_w.l(libinit2.o)
    0x0800020c   0x0800020c   0x00000000   Code   RO         1959    .ARM.Collect$$libinit$$00000015  c_w.l(libinit2.o)
    0x0800020c   0x0800020c   0x00000000   Code   RO         1961    .ARM.Collect$$libinit$$00000017  c_w.l(libinit2.o)
    0x0800020c   0x0800020c   0x00000000   Code   RO         1963    .ARM.Collect$$libinit$$00000019  c_w.l(libinit2.o)
    0x0800020c   0x0800020c   0x00000000   Code   RO         1965    .ARM.Collect$$libinit$$0000001B  c_w.l(libinit2.o)
    0x0800020c   0x0800020c   0x00000000   Code   RO         1967    .ARM.Collect$$libinit$$0000001D  c_w.l(libinit2.o)
    0x0800020c   0x0800020c   0x00000000   Code   RO         1969    .ARM.Collect$$libinit$$0000001F  c_w.l(libinit2.o)
    0x0800020c   0x0800020c   0x00000000   Code   RO         1971    .ARM.Collect$$libinit$$00000021  c_w.l(libinit2.o)
    0x0800020c   0x0800020c   0x00000000   Code   RO         1973    .ARM.Collect$$libinit$$00000023  c_w.l(libinit2.o)
    0x0800020c   0x0800020c   0x00000000   Code   RO         1975    .ARM.Collect$$libinit$$00000025  c_w.l(libinit2.o)
    0x0800020c   0x0800020c   0x00000000   Code   RO         1979    .ARM.Collect$$libinit$$0000002C  c_w.l(libinit2.o)
    0x0800020c   0x0800020c   0x00000000   Code   RO         1981    .ARM.Collect$$libinit$$0000002E  c_w.l(libinit2.o)
    0x0800020c   0x0800020c   0x00000000   Code   RO         1983    .ARM.Collect$$libinit$$00000030  c_w.l(libinit2.o)
    0x0800020c   0x0800020c   0x00000000   Code   RO         1985    .ARM.Collect$$libinit$$00000032  c_w.l(libinit2.o)
    0x0800020c   0x0800020c   0x00000002   Code   RO         1986    .ARM.Collect$$libinit$$00000033  c_w.l(libinit2.o)
    0x0800020e   0x0800020e   0x00000002   Code   RO         2004    .ARM.Collect$$libshutdown$$00000000  c_w.l(libshutdown.o)
    0x08000210   0x08000210   0x00000000   Code   RO         2014    .ARM.Collect$$libshutdown$$00000002  c_w.l(libshutdown2.o)
    0x08000210   0x08000210   0x00000000   Code   RO         2016    .ARM.Collect$$libshutdown$$00000004  c_w.l(libshutdown2.o)
    0x08000210   0x08000210   0x00000000   Code   RO         2019    .ARM.Collect$$libshutdown$$00000007  c_w.l(libshutdown2.o)
    0x08000210   0x08000210   0x00000000   Code   RO         2022    .ARM.Collect$$libshutdown$$0000000A  c_w.l(libshutdown2.o)
    0x08000210   0x08000210   0x00000000   Code   RO         2024    .ARM.Collect$$libshutdown$$0000000C  c_w.l(libshutdown2.o)
    0x08000210   0x08000210   0x00000000   Code   RO         2027    .ARM.Collect$$libshutdown$$0000000F  c_w.l(libshutdown2.o)
    0x08000210   0x08000210   0x00000002   Code   RO         2028    .ARM.Collect$$libshutdown$$00000010  c_w.l(libshutdown2.o)
    0x08000212   0x08000212   0x00000000   Code   RO         1891    .ARM.Collect$$rtentry$$00000000  c_w.l(__rtentry.o)
    0x08000212   0x08000212   0x00000000   Code   RO         1905    .ARM.Collect$$rtentry$$00000002  c_w.l(__rtentry2.o)
    0x08000212   0x08000212   0x00000006   Code   RO         1917    .ARM.Collect$$rtentry$$00000004  c_w.l(__rtentry4.o)
    0x08000218   0x08000218   0x00000000   Code   RO         1907    .ARM.Collect$$rtentry$$00000009  c_w.l(__rtentry2.o)
    0x08000218   0x08000218   0x00000004   Code   RO         1908    .ARM.Collect$$rtentry$$0000000A  c_w.l(__rtentry2.o)
    0x0800021c   0x0800021c   0x00000000   Code   RO         1910    .ARM.Collect$$rtentry$$0000000C  c_w.l(__rtentry2.o)
    0x0800021c   0x0800021c   0x00000008   Code   RO         1911    .ARM.Collect$$rtentry$$0000000D  c_w.l(__rtentry2.o)
    0x08000224   0x08000224   0x00000002   Code   RO         1940    .ARM.Collect$$rtexit$$00000000  c_w.l(rtexit.o)
    0x08000226   0x08000226   0x00000000   Code   RO         1988    .ARM.Collect$$rtexit$$00000002  c_w.l(rtexit2.o)
    0x08000226   0x08000226   0x00000004   Code   RO         1989    .ARM.Collect$$rtexit$$00000003  c_w.l(rtexit2.o)
    0x0800022a   0x0800022a   0x00000006   Code   RO         1990    .ARM.Collect$$rtexit$$00000004  c_w.l(rtexit2.o)
    0x08000230   0x08000230   0x00000040   Code   RO         1794    .text               startup_stm32f40_41xxx.o
    0x08000270   0x08000270   0x00000002   Code   RO         1841    .text               c_w.l(use_no_semi_2.o)
    0x08000272   0x08000272   0x00000002   PAD
    0x08000274   0x08000274   0x00000018   Code   RO         1845    .text               c_w.l(noretval__2printf.o)
    0x0800028c   0x0800028c   0x00000068   Code   RO         1847    .text               c_w.l(__printf.o)
    0x080002f4   0x080002f4   0x00000078   Code   RO         1849    .text               c_w.l(_printf_dec.o)
    0x0800036c   0x0800036c   0x00000006   Code   RO         1873    .text               c_w.l(heapauxi.o)
    0x08000372   0x08000372   0x00000002   Code   RO         1889    .text               c_w.l(use_no_semi.o)
    0x08000374   0x08000374   0x000000b2   Code   RO         1892    .text               c_w.l(_printf_intcommon.o)
    0x08000426   0x08000426   0x00000002   PAD
    0x08000428   0x08000428   0x00000024   Code   RO         1894    .text               c_w.l(_printf_char_file.o)
    0x0800044c   0x0800044c   0x00000030   Code   RO         1919    .text               c_w.l(_printf_char_common.o)
    0x0800047c   0x0800047c   0x00000008   Code   RO         1921    .text               c_w.l(ferror.o)
    0x08000484   0x08000484   0x0000004a   Code   RO         1925    .text               c_w.l(sys_stackheap_outer.o)
    0x080004ce   0x080004ce   0x00000012   Code   RO         1929    .text               c_w.l(exit.o)
    0x080004e0   0x080004e0   0x00000008   Code   RO         1937    .text               c_w.l(libspace.o)
    0x080004e8   0x080004e8   0x000000a4   Code   RO          340    i.BlueTeeth_Usart_Init  usart.o
    0x0800058c   0x0800058c   0x0000000c   Code   RO          232    i.Delay_Init        delay.o
    0x08000598   0x08000598   0x00000068   Code   RO          171    i.EXTI3_IRQHandler  exti.o
    0x08000600   0x08000600   0x00000068   Code   RO          172    i.EXTI4_IRQHandler  exti.o
    0x08000668   0x08000668   0x0000000c   Code   RO          477    i.EXTI_ClearITPendingBit  stm32f4xx_exti.o
    0x08000674   0x08000674   0x00000018   Code   RO          481    i.EXTI_GetITStatus  stm32f4xx_exti.o
    0x0800068c   0x0800068c   0x00000094   Code   RO          482    i.EXTI_Init         stm32f4xx_exti.o
    0x08000720   0x08000720   0x000000c8   Code   RO          173    i.Exti_PE_Init      exti.o
    0x080007e8   0x080007e8   0x00000090   Code   RO          543    i.GPIO_Init         stm32f4xx_gpio.o
    0x08000878   0x08000878   0x00000046   Code   RO          544    i.GPIO_PinAFConfig  stm32f4xx_gpio.o
    0x080008be   0x080008be   0x00000012   Code   RO          547    i.GPIO_ReadInputDataBit  stm32f4xx_gpio.o
    0x080008d0   0x080008d0   0x00000004   Code   RO          550    i.GPIO_ResetBits    stm32f4xx_gpio.o
    0x080008d4   0x080008d4   0x00000004   Code   RO          551    i.GPIO_SetBits      stm32f4xx_gpio.o
    0x080008d8   0x080008d8   0x000000b0   Code   RO          398    i.Get_Sr04_Value    sr04.o
    0x08000988   0x08000988   0x00000044   Code   RO          208    i.Led_Init          led_pro.o
    0x080009cc   0x080009cc   0x00000078   Code   RO          428    i.NVIC_Init         misc.o
    0x08000a44   0x08000a44   0x00000014   Code   RO          429    i.NVIC_PriorityGroupConfig  misc.o
    0x08000a58   0x08000a58   0x000000ac   Code   RO          316    i.Pwm_PA8_Init      pwm.o
    0x08000b04   0x08000b04   0x00000020   Code   RO          644    i.RCC_AHB1PeriphClockCmd  stm32f4xx_rcc.o
    0x08000b24   0x08000b24   0x00000020   Code   RO          653    i.RCC_APB1PeriphClockCmd  stm32f4xx_rcc.o
    0x08000b44   0x08000b44   0x00000020   Code   RO          656    i.RCC_APB2PeriphClockCmd  stm32f4xx_rcc.o
    0x08000b64   0x08000b64   0x000000e8   Code   RO          665    i.RCC_GetClocksFreq  stm32f4xx_rcc.o
    0x08000c4c   0x08000c4c   0x00000040   Code   RO          979    i.SYSCFG_EXTILineConfig  stm32f4xx_syscfg.o
    0x08000c8c   0x08000c8c   0x000000ec   Code   RO         1801    i.SetSysClock       system_stm32f4xx.o
    0x08000d78   0x08000d78   0x00000084   Code   RO          399    i.Sr04_Init         sr04.o
    0x08000dfc   0x08000dfc   0x00000028   Code   RO          432    i.SysTick_CLKSourceConfig  misc.o
    0x08000e24   0x08000e24   0x00000068   Code   RO         1803    i.SystemInit        system_stm32f4xx.o
    0x08000e8c   0x08000e8c   0x00000084   Code   RO          277    i.TIM2_IRQHandler   tim.o
    0x08000f10   0x08000f10   0x00000018   Code   RO         1040    i.TIM_ARRPreloadConfig  stm32f4xx_tim.o
    0x08000f28   0x08000f28   0x00000006   Code   RO         1047    i.TIM_ClearITPendingBit  stm32f4xx_tim.o
    0x08000f2e   0x08000f2e   0x00000018   Code   RO         1052    i.TIM_Cmd           stm32f4xx_tim.o
    0x08000f46   0x08000f46   0x0000001e   Code   RO         1054    i.TIM_CtrlPWMOutputs  stm32f4xx_tim.o
    0x08000f64   0x08000f64   0x00000022   Code   RO         1073    i.TIM_GetITStatus   stm32f4xx_tim.o
    0x08000f86   0x08000f86   0x00000012   Code   RO         1077    i.TIM_ITConfig      stm32f4xx_tim.o
    0x08000f98   0x08000f98   0x0000007c   Code   RO         1081    i.TIM_OC1Init       stm32f4xx_tim.o
    0x08001014   0x08001014   0x00000012   Code   RO         1084    i.TIM_OC1PreloadConfig  stm32f4xx_tim.o
    0x08001026   0x08001026   0x00000004   Code   RO         1114    i.TIM_SetCompare1   stm32f4xx_tim.o
    0x0800102a   0x0800102a   0x00000002   PAD
    0x0800102c   0x0800102c   0x00000084   Code   RO         1124    i.TIM_TimeBaseInit  stm32f4xx_tim.o
    0x080010b0   0x080010b0   0x0000006e   Code   RO          278    i.Tim2_IT_Init      tim.o
    0x0800111e   0x0800111e   0x00000002   PAD
    0x08001120   0x08001120   0x00000038   Code   RO          341    i.USART2_IRQHandler  usart.o
    0x08001158   0x08001158   0x00000012   Code   RO         1602    i.USART_ClearFlag   stm32f4xx_usart.o
    0x0800116a   0x0800116a   0x0000001e   Code   RO         1603    i.USART_ClearITPendingBit  stm32f4xx_usart.o
    0x08001188   0x08001188   0x00000018   Code   RO         1606    i.USART_Cmd         stm32f4xx_usart.o
    0x080011a0   0x080011a0   0x0000001a   Code   RO         1609    i.USART_GetFlagStatus  stm32f4xx_usart.o
    0x080011ba   0x080011ba   0x00000054   Code   RO         1610    i.USART_GetITStatus  stm32f4xx_usart.o
    0x0800120e   0x0800120e   0x0000004a   Code   RO         1612    i.USART_ITConfig    stm32f4xx_usart.o
    0x08001258   0x08001258   0x000000d4   Code   RO         1613    i.USART_Init        stm32f4xx_usart.o
    0x0800132c   0x0800132c   0x0000000a   Code   RO         1620    i.USART_ReceiveData  stm32f4xx_usart.o
    0x08001336   0x08001336   0x00000008   Code   RO         1623    i.USART_SendData    stm32f4xx_usart.o
    0x0800133e   0x0800133e   0x00000018   Code   RO         1629    i.USART_StructInit  stm32f4xx_usart.o
    0x08001356   0x08001356   0x00000004   Code   RO          343    i._sys_exit         usart.o
    0x0800135a   0x0800135a   0x00000002   PAD
    0x0800135c   0x0800135c   0x0000004c   Code   RO          233    i.delay_ms          delay.o
    0x080013a8   0x080013a8   0x0000004c   Code   RO          235    i.delay_us          delay.o
    0x080013f4   0x080013f4   0x00000024   Code   RO          344    i.fputc             usart.o
    0x08001418   0x08001418   0x0000020c   Code   RO            4    i.main              main.o
    0x08001624   0x08001624   0x00000018   Code   RO         1897    x$fpl$dcmpinf       fz_wm.l(dcmpi.o)
    0x0800163c   0x0800163c   0x0000002e   Code   RO         1878    x$fpl$dflt          fz_wm.l(dflt_clz.o)
    0x0800166a   0x0800166a   0x00000026   Code   RO         1877    x$fpl$dfltu         fz_wm.l(dflt_clz.o)
    0x08001690   0x08001690   0x00000078   Code   RO         1883    x$fpl$dleqf         fz_wm.l(dleqf.o)
    0x08001708   0x08001708   0x00000154   Code   RO         1885    x$fpl$dmul          fz_wm.l(dmul.o)
    0x0800185c   0x0800185c   0x0000009c   Code   RO         1899    x$fpl$dnaninf       fz_wm.l(dnaninf.o)
    0x080018f8   0x080018f8   0x0000000c   Code   RO         1901    x$fpl$dretinf       fz_wm.l(dretinf.o)
    0x08001904   0x08001904   0x0000006c   Code   RO         1887    x$fpl$drleqf        fz_wm.l(drleqf.o)
    0x08001970   0x08001970   0x0000000a   Code   RO         1996    x$fpl$fpinit        fz_wm.l(fpinit.o)
    0x0800197a   0x0800197a   0x00000000   Code   RO         1903    x$fpl$usenofp       fz_wm.l(usenofp.o)
    0x0800197a   0x0800197a   0x00000002   PAD
    0x0800197c   0x0800197c   0x00000020   Data   RO         2060    Region$$Table       anon$$obj.o


    Execution Region RW_IRAM2 (Exec base: 0x10000000, Load base: 0x080019c8, Size: 0x00000000, Max: 0x00010000, ABSOLUTE)

    **** No section assigned to this execution region ****


    Execution Region RW_IRAM1 (Exec base: 0x20000000, Load base: 0x0800199c, Size: 0x00000a90, Max: 0x00020000, ABSOLUTE)

    Exec Addr    Load Addr    Size         Type   Attr      Idx    E Section Name        Object

    0x20000000   0x0800199c   0x00000006   Data   RW            6    .data               main.o
    0x20000006   0x080019a2   0x00000002   PAD
    0x20000008   0x080019a4   0x00000008   Data   RW          236    .data               delay.o
    0x20000010   0x080019ac   0x00000004   Data   RW          280    .data               tim.o
    0x20000014   0x080019b0   0x00000006   Data   RW          345    .data               usart.o
    0x2000001a   0x080019b6   0x00000010   Data   RW          696    .data               stm32f4xx_rcc.o
    0x2000002a   0x080019c6   0x00000002   PAD
    0x2000002c        -       0x00000060   Zero   RW         1938    .bss                c_w.l(libspace.o)
    0x2000008c   0x080019c6   0x00000004   PAD
    0x20000090        -       0x00000200   Zero   RW         1792    HEAP                startup_stm32f40_41xxx.o
    0x20000290        -       0x00000800   Zero   RW         1791    STACK               startup_stm32f40_41xxx.o


==============================================================================

Image component sizes


      Code (inc. data)   RO Data    RW Data    ZI Data      Debug   Object Name

       164         12          0          8          0       1769   delay.o
       408         72          0          0          0       1745   exti.o
        68          6          0          0          0        527   led_pro.o
       524        118          0          6          0     303850   main.o
       180         24          0          0          0       2653   misc.o
       172         10          0          0          0        675   pwm.o
       308         18          0          0          0       1361   sr04.o
        64         26        392          0       2560        876   startup_stm32f40_41xxx.o
       184         16          0          0          0       2672   stm32f4xx_exti.o
       240          0          0          0          0       4287   stm32f4xx_gpio.o
       328         36          0         16          0       5311   stm32f4xx_rcc.o
        64          4          0          0          0        748   stm32f4xx_syscfg.o
       414         38          0          0          0       7969   stm32f4xx_tim.o
       510          8          0          0          0       8508   stm32f4xx_usart.o
       340         32          0          0          0       1813   system_stm32f4xx.o
       242         46          0          4          0       1442   tim.o
       260         24          0          6          0       4227   usart.o

    ----------------------------------------------------------------------
      4476        490        424         44       2560     350433   Object Totals
         0          0         32          0          0          0   (incl. Generated)
         6          0          0          4          0          0   (incl. Padding)

    ----------------------------------------------------------------------

      Code (inc. data)   RO Data    RW Data    ZI Data      Debug   Library Member Name

         8          0          0          0          0         68   __main.o
       104          0          0          0          0         84   __printf.o
         0          0          0          0          0          0   __rtentry.o
        12          0          0          0          0          0   __rtentry2.o
         6          0          0          0          0          0   __rtentry4.o
        52          8          0          0          0          0   __scatter.o
        26          0          0          0          0          0   __scatter_copy.o
        28          0          0          0          0          0   __scatter_zi.o
        48          6          0          0          0         96   _printf_char_common.o
        36          4          0          0          0         80   _printf_char_file.o
         6          0          0          0          0          0   _printf_d.o
       120         16          0          0          0         92   _printf_dec.o
       178          0          0          0          0         88   _printf_intcommon.o
         0          0          0          0          0          0   _printf_percent.o
         4          0          0          0          0          0   _printf_percent_end.o
        18          0          0          0          0         80   exit.o
         8          0          0          0          0         68   ferror.o
         6          0          0          0          0        152   heapauxi.o
         2          0          0          0          0          0   libinit.o
         6          0          0          0          0          0   libinit2.o
         2          0          0          0          0          0   libshutdown.o
         2          0          0          0          0          0   libshutdown2.o
         8          4          0          0         96         68   libspace.o
        24          4          0          0          0         84   noretval__2printf.o
         2          0          0          0          0          0   rtexit.o
        10          0          0          0          0          0   rtexit2.o
        74          0          0          0          0         80   sys_stackheap_outer.o
         2          0          0          0          0         68   use_no_semi.o
         2          0          0          0          0         68   use_no_semi_2.o
        24          0          0          0          0        116   dcmpi.o
        84          0          0          0          0        232   dflt_clz.o
       120          4          0          0          0        140   dleqf.o
       340         12          0          0          0        152   dmul.o
       156          4          0          0          0        140   dnaninf.o
        12          0          0          0          0        116   dretinf.o
       108          0          0          0          0        128   drleqf.o
        10          0          0          0          0        116   fpinit.o
         0          0          0          0          0          0   usenofp.o

    ----------------------------------------------------------------------
      1656         62          0          0        100       2316   Library Totals
         8          0          0          0          4          0   (incl. Padding)

    ----------------------------------------------------------------------

      Code (inc. data)   RO Data    RW Data    ZI Data      Debug   Library Name

       794         42          0          0         96       1176   c_w.l
       854         20          0          0          0       1140   fz_wm.l

    ----------------------------------------------------------------------
      1656         62          0          0        100       2316   Library Totals

    ----------------------------------------------------------------------

==============================================================================


      Code (inc. data)   RO Data    RW Data    ZI Data      Debug   

      6132        552        424         44       2660     346429   Grand Totals
      6132        552        424         44       2660     346429   ELF Image Totals
      6132        552        424         44          0          0   ROM Totals

==============================================================================

    Total RO  Size (Code + RO Data)                 6556 (   6.40kB)
    Total RW  Size (RW Data + ZI Data)              2704 (   2.64kB)
    Total ROM Size (Code + RO Data + RW Data)       6600 (   6.45kB)

==============================================================================

